Archive member included to satisfy reference by file (symbol)

C:/ST/STM32CubeIDE_1.14.1/STM32CubeIDE/plugins/com.st.stm32cube.ide.mcu.externaltools.gnu-tools-for-stm32.11.3.rel1.win32_1.1.100.202309141235/tools/bin/../lib/gcc/arm-none-eabi/11.3.1/../../../../arm-none-eabi/lib/thumb/v7e-m+dp/hard\libc_nano.a(libc_a-exit.o)
                              C:/ST/STM32CubeIDE_1.14.1/STM32CubeIDE/plugins/com.st.stm32cube.ide.mcu.externaltools.gnu-tools-for-stm32.11.3.rel1.win32_1.1.100.202309141235/tools/bin/../lib/gcc/arm-none-eabi/11.3.1/../../../../arm-none-eabi/lib/thumb/v7e-m+dp/hard/crt0.o (exit)
C:/ST/STM32CubeIDE_1.14.1/STM32CubeIDE/plugins/com.st.stm32cube.ide.mcu.externaltools.gnu-tools-for-stm32.11.3.rel1.win32_1.1.100.202309141235/tools/bin/../lib/gcc/arm-none-eabi/11.3.1/../../../../arm-none-eabi/lib/thumb/v7e-m+dp/hard\libc_nano.a(libc_a-findfp.o)
                              C:/ST/STM32CubeIDE_1.14.1/STM32CubeIDE/plugins/com.st.stm32cube.ide.mcu.externaltools.gnu-tools-for-stm32.11.3.rel1.win32_1.1.100.202309141235/tools/bin/../lib/gcc/arm-none-eabi/11.3.1/../../../../arm-none-eabi/lib/thumb/v7e-m+dp/hard\libc_nano.a(libc_a-exit.o) (__stdio_exit_handler)
C:/ST/STM32CubeIDE_1.14.1/STM32CubeIDE/plugins/com.st.stm32cube.ide.mcu.externaltools.gnu-tools-for-stm32.11.3.rel1.win32_1.1.100.202309141235/tools/bin/../lib/gcc/arm-none-eabi/11.3.1/../../../../arm-none-eabi/lib/thumb/v7e-m+dp/hard\libc_nano.a(libc_a-fwalk.o)
                              C:/ST/STM32CubeIDE_1.14.1/STM32CubeIDE/plugins/com.st.stm32cube.ide.mcu.externaltools.gnu-tools-for-stm32.11.3.rel1.win32_1.1.100.202309141235/tools/bin/../lib/gcc/arm-none-eabi/11.3.1/../../../../arm-none-eabi/lib/thumb/v7e-m+dp/hard\libc_nano.a(libc_a-findfp.o) (_fwalk_sglue)
C:/ST/STM32CubeIDE_1.14.1/STM32CubeIDE/plugins/com.st.stm32cube.ide.mcu.externaltools.gnu-tools-for-stm32.11.3.rel1.win32_1.1.100.202309141235/tools/bin/../lib/gcc/arm-none-eabi/11.3.1/../../../../arm-none-eabi/lib/thumb/v7e-m+dp/hard\libc_nano.a(libc_a-stdio.o)
                              C:/ST/STM32CubeIDE_1.14.1/STM32CubeIDE/plugins/com.st.stm32cube.ide.mcu.externaltools.gnu-tools-for-stm32.11.3.rel1.win32_1.1.100.202309141235/tools/bin/../lib/gcc/arm-none-eabi/11.3.1/../../../../arm-none-eabi/lib/thumb/v7e-m+dp/hard\libc_nano.a(libc_a-findfp.o) (__sread)
C:/ST/STM32CubeIDE_1.14.1/STM32CubeIDE/plugins/com.st.stm32cube.ide.mcu.externaltools.gnu-tools-for-stm32.11.3.rel1.win32_1.1.100.202309141235/tools/bin/../lib/gcc/arm-none-eabi/11.3.1/../../../../arm-none-eabi/lib/thumb/v7e-m+dp/hard\libc_nano.a(libc_a-memset.o)
                              C:/ST/STM32CubeIDE_1.14.1/STM32CubeIDE/plugins/com.st.stm32cube.ide.mcu.externaltools.gnu-tools-for-stm32.11.3.rel1.win32_1.1.100.202309141235/tools/bin/../lib/gcc/arm-none-eabi/11.3.1/../../../../arm-none-eabi/lib/thumb/v7e-m+dp/hard/crt0.o (memset)
C:/ST/STM32CubeIDE_1.14.1/STM32CubeIDE/plugins/com.st.stm32cube.ide.mcu.externaltools.gnu-tools-for-stm32.11.3.rel1.win32_1.1.100.202309141235/tools/bin/../lib/gcc/arm-none-eabi/11.3.1/../../../../arm-none-eabi/lib/thumb/v7e-m+dp/hard\libc_nano.a(libc_a-closer.o)
                              C:/ST/STM32CubeIDE_1.14.1/STM32CubeIDE/plugins/com.st.stm32cube.ide.mcu.externaltools.gnu-tools-for-stm32.11.3.rel1.win32_1.1.100.202309141235/tools/bin/../lib/gcc/arm-none-eabi/11.3.1/../../../../arm-none-eabi/lib/thumb/v7e-m+dp/hard\libc_nano.a(libc_a-stdio.o) (_close_r)
C:/ST/STM32CubeIDE_1.14.1/STM32CubeIDE/plugins/com.st.stm32cube.ide.mcu.externaltools.gnu-tools-for-stm32.11.3.rel1.win32_1.1.100.202309141235/tools/bin/../lib/gcc/arm-none-eabi/11.3.1/../../../../arm-none-eabi/lib/thumb/v7e-m+dp/hard\libc_nano.a(libc_a-reent.o)
                              C:/ST/STM32CubeIDE_1.14.1/STM32CubeIDE/plugins/com.st.stm32cube.ide.mcu.externaltools.gnu-tools-for-stm32.11.3.rel1.win32_1.1.100.202309141235/tools/bin/../lib/gcc/arm-none-eabi/11.3.1/../../../../arm-none-eabi/lib/thumb/v7e-m+dp/hard\libc_nano.a(libc_a-closer.o) (errno)
C:/ST/STM32CubeIDE_1.14.1/STM32CubeIDE/plugins/com.st.stm32cube.ide.mcu.externaltools.gnu-tools-for-stm32.11.3.rel1.win32_1.1.100.202309141235/tools/bin/../lib/gcc/arm-none-eabi/11.3.1/../../../../arm-none-eabi/lib/thumb/v7e-m+dp/hard\libc_nano.a(libc_a-impure.o)
                              C:/ST/STM32CubeIDE_1.14.1/STM32CubeIDE/plugins/com.st.stm32cube.ide.mcu.externaltools.gnu-tools-for-stm32.11.3.rel1.win32_1.1.100.202309141235/tools/bin/../lib/gcc/arm-none-eabi/11.3.1/../../../../arm-none-eabi/lib/thumb/v7e-m+dp/hard\libc_nano.a(libc_a-reent.o) (_impure_ptr)
C:/ST/STM32CubeIDE_1.14.1/STM32CubeIDE/plugins/com.st.stm32cube.ide.mcu.externaltools.gnu-tools-for-stm32.11.3.rel1.win32_1.1.100.202309141235/tools/bin/../lib/gcc/arm-none-eabi/11.3.1/../../../../arm-none-eabi/lib/thumb/v7e-m+dp/hard\libc_nano.a(libc_a-lseekr.o)
[...]
Memory Configuration

Name             Origin             Length             Attributes
ITCMRAM          0x0000000000000000 0x0000000000010000 xrw
DTCMRAM          0x0000000020000000 0x0000000000020000 xrw
FLASH            0x0000000008000000 0x0000000000100000 xr
RAM_D1           0x0000000024000000 0x0000000000050000 xrw
RAM_D2           0x0000000030000000 0x0000000000008000 xrw
RAM_D3           0x0000000038000000 0x0000000000004000 xrw
*default*        0x0000000000000000 0xffffffffffffffff

Linker script and memory map

LOAD C:/ST/STM32CubeIDE_1.14.1/STM32CubeIDE/plugins/com.st.stm32cube.ide.mcu.externaltools.gnu-tools-for-stm32.11.3.rel1.win32_1.1.100.202309141235/tools/bin/../lib/gcc/arm-none-eabi/11.3.1/thumb/v7e-m+dp/hard/crti.o
LOAD C:/ST/STM32CubeIDE_1.14.1/STM32CubeIDE/plugins/com.st.stm32cube.ide.mcu.externaltools.gnu-tools-for-stm32.11.3.rel1.win32_1.1.100.202309141235/tools/bin/../lib/gcc/arm-none-eabi/11.3.1/thumb/v7e-m+dp/hard/crtbegin.o
LOAD C:/ST/STM32CubeIDE_1.14.1/STM32CubeIDE/plugins/com.st.stm32cube.ide.mcu.externaltools.gnu-tools-for-stm32.11.3.rel1.win32_1.1.100.202309141235/tools/bin/../lib/gcc/arm-none-eabi/11.3.1/../../../../arm-none-eabi/lib/thumb/v7e-m+dp/hard/crt0.o
LOAD ./Core/Src/gpio.o
LOAD ./Core/Src/main.o
LOAD ./Core/Src/sai.o
LOAD ./Core/Src/spi.o
LOAD ./Core/Src/stm32h7xx_hal_msp.o
LOAD ./Core/Src/stm32h7xx_it.o
LOAD ./Core/Src/syscalls.o
LOAD ./Core/Src/sysmem.o
LOAD ./Core/Src/system_stm32h7xx.o
LOAD ./Core/Src/tim.o
LOAD ./Core/Src/usart.o
LOAD ./Core/Startup/startup_stm32h723zgtx.o
LOAD ./Drivers/STM32H7xx_HAL_Driver/Src/stm32h7xx_hal.o
LOAD ./Drivers/STM32H7xx_HAL_Driver/Src/stm32h7xx_hal_cortex.o
LOAD ./Drivers/STM32H7xx_HAL_Driver/Src/stm32h7xx_hal_dma.o
LOAD ./Drivers/STM32H7xx_HAL_Driver/Src/stm32h7xx_hal_dma_ex.o
LOAD ./Drivers/STM32H7xx_HAL_Driver/Src/stm32h7xx_hal_exti.o
LOAD ./Drivers/STM32H7xx_HAL_Driver/Src/stm32h7xx_hal_flash.o
LOAD ./Drivers/STM32H7xx_HAL_Driver/Src/stm32h7xx_hal_flash_ex.o
LOAD ./Drivers/STM32H7xx_HAL_Driver/Src/stm32h7xx_hal_gpio.o
LOAD ./Drivers/STM32H7xx_HAL_Driver/Src/stm32h7xx_hal_hsem.o
LOAD ./Drivers/STM32H7xx_HAL_Driver/Src/stm32h7xx_hal_i2c.o
LOAD ./Drivers/STM32H7xx_HAL_Driver/Src/stm32h7xx_hal_i2c_ex.o
LOAD ./Drivers/STM32H7xx_HAL_Driver/Src/stm32h7xx_hal_mdma.o
LOAD ./Drivers/STM32H7xx_HAL_Driver/Src/stm32h7xx_hal_pcd.o
LOAD ./Drivers/STM32H7xx_HAL_Driver/Src/stm32h7xx_hal_pcd_ex.o
LOAD ./Drivers/STM32H7xx_HAL_Driver/Src/stm32h7xx_hal_pwr.o
LOAD ./Drivers/STM32H7xx_HAL_Driver/Src/stm32h7xx_hal_pwr_ex.o
LOAD ./Drivers/STM32H7xx_HAL_Driver/Src/stm32h7xx_hal_rcc.o
LOAD ./Drivers/STM32H7xx_HAL_Driver/Src/stm32h7xx_hal_rcc_ex.o
LOAD ./Drivers/STM32H7xx_HAL_Driver/Src/stm32h7xx_hal_sai.o
LOAD ./Drivers/STM32H7xx_HAL_Driver/Src/stm32h7xx_hal_sai_ex.o
LOAD ./Drivers/STM32H7xx_HAL_Driver/Src/stm32h7xx_hal_spi.o
LOAD ./Drivers/STM32H7xx_HAL_Driver/Src/stm32h7xx_hal_spi_ex.o
LOAD ./Drivers/STM32H7xx_HAL_Driver/Src/stm32h7xx_hal_tim.o
LOAD ./Drivers/STM32H7xx_HAL_Driver/Src/stm32h7xx_hal_tim_ex.o
LOAD ./Drivers/STM32H7xx_HAL_Driver/Src/stm32h7xx_hal_usart.o
LOAD ./Drivers/STM32H7xx_HAL_Driver/Src/stm32h7xx_hal_usart_ex.o
LOAD ./Drivers/STM32H7xx_HAL_Driver/Src/stm32h7xx_ll_usb.o
LOAD ./Middlewares/ST/STM32_USB_Device_Library/Class/AUDIO/Src/usbd_audio.o
LOAD ./Middlewares/ST/STM32_USB_Device_Library/Core/Src/usbd_core.o
LOAD ./Middlewares/ST/STM32_USB_Device_Library/Core/Src/usbd_ctlreq.o
LOAD ./Middlewares/ST/STM32_USB_Device_Library/Core/Src/usbd_ioreq.o
LOAD ./USB_DEVICE/App/usb_device.o
LOAD ./USB_DEVICE/App/usbd_audio_if.o
LOAD ./USB_DEVICE/App/usbd_desc.o
LOAD ./USB_DEVICE/Target/usbd_conf.o
START GROUP
LOAD C:/ST/STM32CubeIDE_1.14.1/STM32CubeIDE/plugins/com.st.stm32cube.ide.mcu.externaltools.gnu-tools-for-stm32.11.3.rel1.win32_1.1.100.202309141235/tools/bin/../lib/gcc/arm-none-eabi/11.3.1/../../../../arm-none-eabi/lib/thumb/v7e-m+dp/hard\libc_nano.a
LOAD C:/ST/STM32CubeIDE_1.14.1/STM32CubeIDE/plugins/com.st.stm32cube.ide.mcu.externaltools.gnu-tools-for-stm32.11.3.rel1.win32_1.1.100.202309141235/tools/bin/../lib/gcc/arm-none-eabi/11.3.1/../../../../arm-none-eabi/lib/thumb/v7e-m+dp/hard\libm.a
END GROUP
START GROUP
LOAD C:/ST/STM32CubeIDE_1.14.1/STM32CubeIDE/plugins/com.st.stm32cube.ide.mcu.externaltools.gnu-tools-for-stm32.11.3.rel1.win32_1.1.100.202309141235/tools/bin/../lib/gcc/arm-none-eabi/11.3.1/thumb/v7e-m+dp/hard\libgcc.a
LOAD C:/ST/STM32CubeIDE_1.14.1/STM32CubeIDE/plugins/com.st.stm32cube.ide.mcu.externaltools.gnu-tools-for-stm32.11.3.rel1.win32_1.1.100.202309141235/tools/bin/../lib/gcc/arm-none-eabi/11.3.1/../../../../arm-none-eabi/lib/thumb/v7e-m+dp/hard\libc_nano.a
END GROUP
START GROUP
LOAD C:/ST/STM32CubeIDE_1.14.1/STM32CubeIDE/plugins/com.st.stm32cube.ide.mcu.externaltools.gnu-tools-for-stm32.11.3.rel1.win32_1.1.100.202309141235/tools/bin/../lib/gcc/arm-none-eabi/11.3.1/thumb/v7e-m+dp/hard\libgcc.a
LOAD C:/ST/STM32CubeIDE_1.14.1/STM32CubeIDE/plugins/com.st.stm32cube.ide.mcu.externaltools.gnu-tools-for-stm32.11.3.rel1.win32_1.1.100.202309141235/tools/bin/../lib/gcc/arm-none-eabi/11.3.1/../../../../arm-none-eabi/lib/thumb/v7e-m+dp/hard\libc_nano.a
LOAD C:/ST/STM32CubeIDE_1.14.1/STM32CubeIDE/plugins/com.st.stm32cube.ide.mcu.externaltools.gnu-tools-for-stm32.11.3.rel1.win32_1.1.100.202309141235/tools/bin/../lib/gcc/arm-none-eabi/11.3.1/../../../../arm-none-eabi/lib/thumb/v7e-m+dp/hard\libnosys.a
END GROUP
START GROUP
LOAD C:/ST/STM32CubeIDE_1.14.1/STM32CubeIDE/plugins/com.st.stm32cube.ide.mcu.externaltools.gnu-tools-for-stm32.11.3.rel1.win32_1.1.100.202309141235/tools/bin/../lib/gcc/arm-none-eabi/11.3.1/thumb/v7e-m+dp/hard\libgcc.a
LOAD C:/ST/STM32CubeIDE_1.14.1/STM32CubeIDE/plugins/com.st.stm32cube.ide.mcu.externaltools.gnu-tools-for-stm32.11.3.rel1.win32_1.1.100.202309141235/tools/bin/../lib/gcc/arm-none-eabi/11.3.1/../../../../arm-none-eabi/lib/thumb/v7e-m+dp/hard\libc_nano.a
LOAD C:/ST/STM32CubeIDE_1.14.1/STM32CubeIDE/plugins/com.st.stm32cube.ide.mcu.externaltools.gnu-tools-for-stm32.11.3.rel1.win32_1.1.100.202309141235/tools/bin/../lib/gcc/arm-none-eabi/11.3.1/../../../../arm-none-eabi/lib/thumb/v7e-m+dp/hard\libnosys.a
END GROUP
LOAD C:/ST/STM32CubeIDE_1.14.1/STM32CubeIDE/plugins/com.st.stm32cube.ide.mcu.externaltools.gnu-tools-for-stm32.11.3.rel1.win32_1.1.100.202309141235/tools/bin/../lib/gcc/arm-none-eabi/11.3.1/thumb/v7e-m+dp/hard/crtend.o
LOAD C:/ST/STM32CubeIDE_1.14.1/STM32CubeIDE/plugins/com.st.stm32cube.ide.mcu.externaltools.gnu-tools-for-stm32.11.3.rel1.win32_1.1.100.202309141235/tools/bin/../lib/gcc/arm-none-eabi/11.3.1/thumb/v7e-m+dp/hard/crtn.o
                0x0000000024050000                _estack = (ORIGIN (RAM_D1) + LENGTH (RAM_D1))
                0x0000000000000200                _Min_Heap_Size = 0x200
                0x0000000000000400                _Min_Stack_Size = 0x400

.isr_vector     0x0000000008000000      0x2cc
                0x0000000008000000                . = ALIGN (0x4)
 *(.isr_vector)
 .isr_vector    0x0000000008000000      0x2cc ./Core/Startup/startup_stm32h723zgtx.o
                0x0000000008000000                g_pfnVectors
                0x00000000080002cc                . = ALIGN (0x4)

.text           0x00000000080002cc     0xc384
                0x00000000080002cc                . = ALIGN (0x4)
 *(.text)
 .text          0x00000000080002cc       0x40 C:/ST/STM32CubeIDE_1.14.1/STM32CubeIDE/plugins/com.st.stm32cube.ide.mcu.externaltools.gnu-tools-for-stm32.11.3.rel1.win32_1.1.100.202309141235/tools/bin/../lib/gcc/arm-none-eabi/11.3.1/thumb/v7e-m+dp/hard/crtbegin.o
 *(.text*)
 .text.MX_GPIO_Init
                0x000000000800030c       0xcc ./Core/Src/gpio.o
                0x000000000800030c                MX_GPIO_Init
 .text.main     0x00000000080003d8       0x2e ./Core/Src/main.o
                0x00000000080003d8                main
 *fill*         0x0000000008000406        0x2 
 .text.SystemClock_Config
                0x0000000008000408       0xec ./Core/Src/main.o
                0x0000000008000408                SystemClock_Config
 .text.PeriphCommonClock_Config
                0x00000000080004f4       0x3c ./Core/Src/main.o
                0x00000000080004f4                PeriphCommonClock_Config
 .text.Error_Handler
                0x0000000008000530        0xa ./Core/Src/main.o
                0x0000000008000530                Error_Handler
 *fill*         0x000000000800053a        0x2 
 .text.MX_SAI1_Init
                0x000000000800053c      0x17c ./Core/Src/sai.o
                0x000000000800053c                MX_SAI1_Init
 .text.HAL_SAI_MspInit
                0x00000000080006b8      0x174 ./Core/Src/sai.o
                0x00000000080006b8                HAL_SAI_MspInit
 .text.MX_SPI1_Init
                0x000000000800082c       0xac ./Core/Src/spi.o
                0x000000000800082c                MX_SPI1_Init
 .text.MX_SPI2_Init
                0x00000000080008d8       0xac ./Core/Src/spi.o
                0x00000000080008d8                MX_SPI2_Init
 .text.HAL_SPI_MspInit
                0x0000000008000984      0x1bc ./Core/Src/spi.o
                0x0000000008000984                HAL_SPI_MspInit
 .text.HAL_MspInit
                0x0000000008000b40       0x34 ./Core/Src/stm32h7xx_hal_msp.o
                0x0000000008000b40                HAL_MspInit
 .text.NMI_Handler
                0x0000000008000b74        0x6 ./Core/Src/stm32h7xx_it.o
                0x0000000008000b74                NMI_Handler
 .text.HardFault_Handler
                0x0000000008000b7a        0x6 ./Core/Src/stm32h7xx_it.o
                0x0000000008000b7a                HardFault_Handler
 .text.MemManage_Handler
                0x0000000008000b80        0x6 ./Core/Src/stm32h7xx_it.o
                0x0000000008000b80                MemManage_Handler
 .text.BusFault_Handler
                0x0000000008000b86        0x6 ./Core/Src/stm32h7xx_it.o
                0x0000000008000b86                BusFault_Handler
 .text.UsageFault_Handler
                0x0000000008000b8c        0x6 ./Core/Src/stm32h7xx_it.o
                0x0000000008000b8c                UsageFault_Handler
 .text.SVC_Handler
                0x0000000008000b92        0xe ./Core/Src/stm32h7xx_it.o
                0x0000000008000b92                SVC_Handler
 .text.DebugMon_Handler
                0x0000000008000ba0        0xe ./Core/Src/stm32h7xx_it.o
                0x0000000008000ba0                DebugMon_Handler
 .text.PendSV_Handler
                0x0000000008000bae        0xe ./Core/Src/stm32h7xx_it.o
                0x0000000008000bae                PendSV_Handler
 .text.SysTick_Handler
                0x0000000008000bbc        0xc ./Core/Src/stm32h7xx_it.o
                0x0000000008000bbc                SysTick_Handler
 .text.OTG_HS_IRQHandler
                0x0000000008000bc8       0x14 ./Core/Src/stm32h7xx_it.o
                0x0000000008000bc8                OTG_HS_IRQHandler
 .text.SystemInit
                0x0000000008000bdc       0xf0 ./Core/Src/system_stm32h7xx.o
                0x0000000008000bdc                SystemInit
 .text.MX_TIM3_Init
                0x0000000008000ccc       0xe8 ./Core/Src/tim.o
                0x0000000008000ccc                MX_TIM3_Init
 .text.HAL_TIM_Base_MspInit
                0x0000000008000db4       0x44 ./Core/Src/tim.o
                0x0000000008000db4                HAL_TIM_Base_MspInit
 .text.MX_USART3_Init
                0x0000000008000df8       0x98 ./Core/Src/usart.o
                0x0000000008000df8                MX_USART3_Init
 .text.HAL_USART_MspInit
                0x0000000008000e90      0x144 ./Core/Src/usart.o
                0x0000000008000e90                HAL_USART_MspInit
 .text.Reset_Handler
                0x0000000008000fd4       0x50 ./Core/Startup/startup_stm32h723zgtx.o
                0x0000000008000fd4                Reset_Handler
 .text.Default_Handler
                0x0000000008001024        0x2 ./Core/Startup/startup_stm32h723zgtx.o
                0x0000000008001024                RTC_Alarm_IRQHandler
                0x0000000008001024                EXTI2_IRQHandler
                0x0000000008001024                TIM8_CC_IRQHandler
                0x0000000008001024                UART8_IRQHandler
                0x0000000008001024                SPI4_IRQHandler
                0x0000000008001024                FDCAN3_IT0_IRQHandler
                0x0000000008001024                TIM1_CC_IRQHandler
                0x0000000008001024                BDMA_Channel6_IRQHandler
                0x0000000008001024                DMA2_Stream5_IRQHandler
                0x0000000008001024                DMA1_Stream5_IRQHandler
                0x0000000008001024                CORDIC_IRQHandler
                0x0000000008001024                BDMA_Channel1_IRQHandler
                0x0000000008001024                TAMP_STAMP_IRQHandler
                0x0000000008001024                EXTI3_IRQHandler
                0x0000000008001024                LPTIM4_IRQHandler
                0x0000000008001024                TIM8_TRG_COM_TIM14_IRQHandler
                0x0000000008001024                LPTIM2_IRQHandler
                0x0000000008001024                DFSDM1_FLT1_IRQHandler
                0x0000000008001024                DMAMUX2_OVR_IRQHandler
                0x0000000008001024                TIM8_UP_TIM13_IRQHandler
                0x0000000008001024                I2C3_ER_IRQHandler
                0x0000000008001024                DFSDM1_FLT2_IRQHandler
                0x0000000008001024                I2C5_EV_IRQHandler
                0x0000000008001024                USART10_IRQHandler
                0x0000000008001024                MDMA_IRQHandler
                0x0000000008001024                LPTIM3_IRQHandler
                0x0000000008001024                HSEM1_IRQHandler
                0x0000000008001024                EXTI0_IRQHandler
                0x0000000008001024                I2C2_EV_IRQHandler
                0x0000000008001024                DMA1_Stream2_IRQHandler
                0x0000000008001024                FPU_IRQHandler
                0x0000000008001024                OTG_HS_WKUP_IRQHandler
                0x0000000008001024                FDCAN1_IT1_IRQHandler
                0x0000000008001024                LTDC_ER_IRQHandler
                0x0000000008001024                DMA2_Stream2_IRQHandler
                0x0000000008001024                SPI1_IRQHandler
                0x0000000008001024                OCTOSPI1_IRQHandler
                0x0000000008001024                TIM6_DAC_IRQHandler
                0x0000000008001024                DMA2_Stream3_IRQHandler
                0x0000000008001024                OCTOSPI2_IRQHandler
                0x0000000008001024                DFSDM1_FLT3_IRQHandler
                0x0000000008001024                TIM23_IRQHandler
                0x0000000008001024                USART6_IRQHandler
                0x0000000008001024                TIM17_IRQHandler
                0x0000000008001024                USART3_IRQHandler
                0x0000000008001024                BDMA_Channel7_IRQHandler
                0x0000000008001024                LPTIM5_IRQHandler
                0x0000000008001024                UART5_IRQHandler
                0x0000000008001024                ADC3_IRQHandler
                0x0000000008001024                DMA2_Stream0_IRQHandler
                0x0000000008001024                TIM4_IRQHandler
                0x0000000008001024                BDMA_Channel2_IRQHandler
                0x0000000008001024                I2C1_EV_IRQHandler
                0x0000000008001024                DMA1_Stream6_IRQHandler
                0x0000000008001024                DMAMUX1_OVR_IRQHandler
                0x0000000008001024                DMA1_Stream1_IRQHandler
                0x0000000008001024                TIM16_IRQHandler
                0x0000000008001024                UART4_IRQHandler
                0x0000000008001024                BDMA_Channel5_IRQHandler
                0x0000000008001024                TIM3_IRQHandler
                0x0000000008001024                RCC_IRQHandler
                0x0000000008001024                UART9_IRQHandler
                0x0000000008001024                TIM8_BRK_TIM12_IRQHandler
                0x0000000008001024                TIM1_TRG_COM_IRQHandler
                0x0000000008001024                Default_Handler
                0x0000000008001024                ECC_IRQHandler
                0x0000000008001024                FMAC_IRQHandler
                0x0000000008001024                CEC_IRQHandler
                0x0000000008001024                EXTI15_10_IRQHandler
                0x0000000008001024                BDMA_Channel0_IRQHandler
                0x0000000008001024                ADC_IRQHandler
                0x0000000008001024                I2C5_ER_IRQHandler
                0x0000000008001024                DMA1_Stream7_IRQHandler
                0x0000000008001024                SPI5_IRQHandler
                0x0000000008001024                TIM7_IRQHandler
                0x0000000008001024                FDCAN3_IT1_IRQHandler
                0x0000000008001024                SDMMC1_IRQHandler
                0x0000000008001024                TIM5_IRQHandler
                0x0000000008001024                DMA2_Stream7_IRQHandler
                0x0000000008001024                TIM15_IRQHandler
                0x0000000008001024                PVD_AVD_IRQHandler
                0x0000000008001024                I2C3_EV_IRQHandler
                0x0000000008001024                EXTI9_5_IRQHandler
                0x0000000008001024                RTC_WKUP_IRQHandler
                0x0000000008001024                LTDC_IRQHandler
                0x0000000008001024                ETH_WKUP_IRQHandler
                0x0000000008001024                SPDIF_RX_IRQHandler
                0x0000000008001024                SPI2_IRQHandler
                0x0000000008001024                OTG_HS_EP1_IN_IRQHandler
                0x0000000008001024                DMA1_Stream0_IRQHandler
                0x0000000008001024                TIM24_IRQHandler
                0x0000000008001024                CRS_IRQHandler
                0x0000000008001024                EXTI4_IRQHandler
                0x0000000008001024                RNG_IRQHandler
                0x0000000008001024                FDCAN2_IT1_IRQHandler
                0x0000000008001024                ETH_IRQHandler
                0x0000000008001024                TIM1_UP_IRQHandler
                0x0000000008001024                BDMA_Channel4_IRQHandler
                0x0000000008001024                OTG_HS_EP1_OUT_IRQHandler
                0x0000000008001024                WWDG_IRQHandler
                0x0000000008001024                SPI6_IRQHandler
                0x0000000008001024                MDIOS_IRQHandler
                0x0000000008001024                I2C4_EV_IRQHandler
                0x0000000008001024                FDCAN2_IT0_IRQHandler
                0x0000000008001024                LPUART1_IRQHandler
                0x0000000008001024                FDCAN1_IT0_IRQHandler
                0x0000000008001024                TIM2_IRQHandler
                0x0000000008001024                DMA2D_IRQHandler
                0x0000000008001024                TIM1_BRK_IRQHandler
                0x0000000008001024                EXTI1_IRQHandler
                0x0000000008001024                SDMMC2_IRQHandler
                0x0000000008001024                BDMA_Channel3_IRQHandler
                0x0000000008001024                DTS_IRQHandler
                0x0000000008001024                UART7_IRQHandler
                0x0000000008001024                MDIOS_WKUP_IRQHandler
                0x0000000008001024                USART2_IRQHandler
                0x0000000008001024                DFSDM1_FLT0_IRQHandler
                0x0000000008001024                SAI4_IRQHandler
                0x0000000008001024                I2C2_ER_IRQHandler
                0x0000000008001024                DMA2_Stream1_IRQHandler
                0x0000000008001024                FLASH_IRQHandler
                0x0000000008001024                DMA2_Stream4_IRQHandler
                0x0000000008001024                USART1_IRQHandler
                0x0000000008001024                SPI3_IRQHandler
                0x0000000008001024                WAKEUP_PIN_IRQHandler
                0x0000000008001024                DMA1_Stream4_IRQHandler
                0x0000000008001024                I2C1_ER_IRQHandler
                0x0000000008001024                FMC_IRQHandler
                0x0000000008001024                FDCAN_CAL_IRQHandler
                0x0000000008001024                SWPMI1_IRQHandler
                0x0000000008001024                COMP1_IRQHandler
                0x0000000008001024                LPTIM1_IRQHandler
                0x0000000008001024                DCMI_PSSI_IRQHandler
                0x0000000008001024                I2C4_ER_IRQHandler
                0x0000000008001024                DMA2_Stream6_IRQHandler
                0x0000000008001024                SAI1_IRQHandler
                0x0000000008001024                DMA1_Stream3_IRQHandler
 *fill*         0x0000000008001026        0x2 
 .text.HAL_Init
                0x0000000008001028       0x78 ./Drivers/STM32H7xx_HAL_Driver/Src/stm32h7xx_hal.o
                0x0000000008001028                HAL_Init
 .text.HAL_InitTick
                0x00000000080010a0       0x6c ./Drivers/STM32H7xx_HAL_Driver/Src/stm32h7xx_hal.o
                0x00000000080010a0                HAL_InitTick
 .text.HAL_IncTick
                0x000000000800110c       0x28 ./Drivers/STM32H7xx_HAL_Driver/Src/stm32h7xx_hal.o
                0x000000000800110c                HAL_IncTick
 .text.HAL_GetTick
                0x0000000008001134       0x18 ./Drivers/STM32H7xx_HAL_Driver/Src/stm32h7xx_hal.o
                0x0000000008001134                HAL_GetTick
 .text.HAL_Delay
                0x000000000800114c       0x48 ./Drivers/STM32H7xx_HAL_Driver/Src/stm32h7xx_hal.o
                0x000000000800114c                HAL_Delay
 .text.__NVIC_SetPriorityGrouping
                0x0000000008001194       0x48 ./Drivers/STM32H7xx_HAL_Driver/Src/stm32h7xx_hal_cortex.o
 .text.__NVIC_GetPriorityGrouping
                0x00000000080011dc       0x1c ./Drivers/STM32H7xx_HAL_Driver/Src/stm32h7xx_hal_cortex.o
 .text.__NVIC_EnableIRQ
                0x00000000080011f8       0x3c ./Drivers/STM32H7xx_HAL_Driver/Src/stm32h7xx_hal_cortex.o
 .text.__NVIC_SetPriority
                0x0000000008001234       0x54 ./Drivers/STM32H7xx_HAL_Driver/Src/stm32h7xx_hal_cortex.o
 .text.NVIC_EncodePriority
                0x0000000008001288       0x66 ./Drivers/STM32H7xx_HAL_Driver/Src/stm32h7xx_hal_cortex.o
 *fill*         0x00000000080012ee        0x2 
 .text.SysTick_Config
                0x00000000080012f0       0x44 ./Drivers/STM32H7xx_HAL_Driver/Src/stm32h7xx_hal_cortex.o
 .text.HAL_NVIC_SetPriorityGrouping
                0x0000000008001334       0x16 ./Drivers/STM32H7xx_HAL_Driver/Src/stm32h7xx_hal_cortex.o
                0x0000000008001334                HAL_NVIC_SetPriorityGrouping
 .text.HAL_NVIC_SetPriority
                0x000000000800134a       0x34 ./Drivers/STM32H7xx_HAL_Driver/Src/stm32h7xx_hal_cortex.o
                0x000000000800134a                HAL_NVIC_SetPriority
 .text.HAL_NVIC_EnableIRQ
                0x000000000800137e       0x1c ./Drivers/STM32H7xx_HAL_Driver/Src/stm32h7xx_hal_cortex.o
                0x000000000800137e                HAL_NVIC_EnableIRQ
 .text.HAL_SYSTICK_Config
                0x000000000800139a       0x18 ./Drivers/STM32H7xx_HAL_Driver/Src/stm32h7xx_hal_cortex.o
                0x000000000800139a                HAL_SYSTICK_Config
 *fill*         0x00000000080013b2        0x2 
 .text.HAL_GPIO_Init
                0x00000000080013b4      0x350 ./Drivers/STM32H7xx_HAL_Driver/Src/stm32h7xx_hal_gpio.o
                0x00000000080013b4                HAL_GPIO_Init
 .text.HAL_PCD_Init
                0x0000000008001704      0x248 ./Drivers/STM32H7xx_HAL_Driver/Src/stm32h7xx_hal_pcd.o
                0x0000000008001704                HAL_PCD_Init
 .text.HAL_PCD_Start
                0x000000000800194c       0x6a ./Drivers/STM32H7xx_HAL_Driver/Src/stm32h7xx_hal_pcd.o
                0x000000000800194c                HAL_PCD_Start
 .text.HAL_PCD_IRQHandler
                0x00000000080019b6      0x998 ./Drivers/STM32H7xx_HAL_Driver/Src/stm32h7xx_hal_pcd.o
                0x00000000080019b6                HAL_PCD_IRQHandler
 .text.HAL_PCD_SetAddress
                0x000000000800234e       0x4a ./Drivers/STM32H7xx_HAL_Driver/Src/stm32h7xx_hal_pcd.o
                0x000000000800234e                HAL_PCD_SetAddress
 .text.HAL_PCD_EP_Open
                0x0000000008002398       0xd0 ./Drivers/STM32H7xx_HAL_Driver/Src/stm32h7xx_hal_pcd.o
                0x0000000008002398                HAL_PCD_EP_Open
 .text.HAL_PCD_EP_Close
                0x0000000008002468       0x94 ./Drivers/STM32H7xx_HAL_Driver/Src/stm32h7xx_hal_pcd.o
                0x0000000008002468                HAL_PCD_EP_Close
 .text.HAL_PCD_EP_Receive
                0x00000000080024fc       0x78 ./Drivers/STM32H7xx_HAL_Driver/Src/stm32h7xx_hal_pcd.o
                0x00000000080024fc                HAL_PCD_EP_Receive
 .text.HAL_PCD_EP_GetRxCount
                0x0000000008002574       0x30 ./Drivers/STM32H7xx_HAL_Driver/Src/stm32h7xx_hal_pcd.o
                0x0000000008002574                HAL_PCD_EP_GetRxCount
 .text.HAL_PCD_EP_Transmit
                0x00000000080025a4       0x76 ./Drivers/STM32H7xx_HAL_Driver/Src/stm32h7xx_hal_pcd.o
                0x00000000080025a4                HAL_PCD_EP_Transmit
 .text.HAL_PCD_EP_SetStall
                0x000000000800261a       0xc8 ./Drivers/STM32H7xx_HAL_Driver/Src/stm32h7xx_hal_pcd.o
                0x000000000800261a                HAL_PCD_EP_SetStall
 .text.HAL_PCD_EP_ClrStall
                0x00000000080026e2       0xac ./Drivers/STM32H7xx_HAL_Driver/Src/stm32h7xx_hal_pcd.o
                0x00000000080026e2                HAL_PCD_EP_ClrStall
 .text.HAL_PCD_EP_Abort
                0x000000000800278e       0x62 ./Drivers/STM32H7xx_HAL_Driver/Src/stm32h7xx_hal_pcd.o
                0x000000000800278e                HAL_PCD_EP_Abort
 .text.PCD_WriteEmptyTxFifo
                0x00000000080027f0      0x11a ./Drivers/STM32H7xx_HAL_Driver/Src/stm32h7xx_hal_pcd.o
 *fill*         0x000000000800290a        0x2 
 .text.PCD_EP_OutXfrComplete_int
                0x000000000800290c      0x1d0 ./Drivers/STM32H7xx_HAL_Driver/Src/stm32h7xx_hal_pcd.o
 .text.PCD_EP_OutSetupPacket_int
                0x0000000008002adc       0x8c ./Drivers/STM32H7xx_HAL_Driver/Src/stm32h7xx_hal_pcd.o
 .text.HAL_PCDEx_SetTxFiFo
                0x0000000008002b68       0x8e ./Drivers/STM32H7xx_HAL_Driver/Src/stm32h7xx_hal_pcd_ex.o
                0x0000000008002b68                HAL_PCDEx_SetTxFiFo
 .text.HAL_PCDEx_SetRxFiFo
                0x0000000008002bf6       0x22 ./Drivers/STM32H7xx_HAL_Driver/Src/stm32h7xx_hal_pcd_ex.o
                0x0000000008002bf6                HAL_PCDEx_SetRxFiFo
 .text.HAL_PCDEx_ActivateLPM
                0x0000000008002c18       0x48 ./Drivers/STM32H7xx_HAL_Driver/Src/stm32h7xx_hal_pcd_ex.o
                0x0000000008002c18                HAL_PCDEx_ActivateLPM
 .text.HAL_PCDEx_LPM_Callback
                0x0000000008002c60       0x18 ./Drivers/STM32H7xx_HAL_Driver/Src/stm32h7xx_hal_pcd_ex.o
                0x0000000008002c60                HAL_PCDEx_LPM_Callback
 .text.HAL_PWREx_ConfigSupply
                0x0000000008002c78       0x74 ./Drivers/STM32H7xx_HAL_Driver/Src/stm32h7xx_hal_pwr_ex.o
                0x0000000008002c78                HAL_PWREx_ConfigSupply
 .text.HAL_PWREx_EnableUSBVoltageDetector
                0x0000000008002cec       0x20 ./Drivers/STM32H7xx_HAL_Driver/Src/stm32h7xx_hal_pwr_ex.o
                0x0000000008002cec                HAL_PWREx_EnableUSBVoltageDetector
 .text.HAL_RCC_OscConfig
                0x0000000008002d0c      0x7b4 ./Drivers/STM32H7xx_HAL_Driver/Src/stm32h7xx_hal_rcc.o
                0x0000000008002d0c                HAL_RCC_OscConfig
 .text.HAL_RCC_ClockConfig
                0x00000000080034c0      0x36c ./Drivers/STM32H7xx_HAL_Driver/Src/stm32h7xx_hal_rcc.o
                0x00000000080034c0                HAL_RCC_ClockConfig
 .text.HAL_RCC_GetSysClockFreq
                0x000000000800382c      0x2f4 ./Drivers/STM32H7xx_HAL_Driver/Src/stm32h7xx_hal_rcc.o
                0x000000000800382c                HAL_RCC_GetSysClockFreq
 .text.HAL_RCC_GetHCLKFreq
                0x0000000008003b20       0x60 ./Drivers/STM32H7xx_HAL_Driver/Src/stm32h7xx_hal_rcc.o
                0x0000000008003b20                HAL_RCC_GetHCLKFreq
 .text.HAL_RCC_GetPCLK1Freq
                0x0000000008003b80       0x2c ./Drivers/STM32H7xx_HAL_Driver/Src/stm32h7xx_hal_rcc.o
                0x0000000008003b80                HAL_RCC_GetPCLK1Freq
 .text.HAL_RCC_GetPCLK2Freq
                0x0000000008003bac       0x2c ./Drivers/STM32H7xx_HAL_Driver/Src/stm32h7xx_hal_rcc.o
                0x0000000008003bac                HAL_RCC_GetPCLK2Freq
 .text.HAL_RCCEx_PeriphCLKConfig
                0x0000000008003bd8     0x1340 ./Drivers/STM32H7xx_HAL_Driver/Src/stm32h7xx_hal_rcc_ex.o
                0x0000000008003bd8                HAL_RCCEx_PeriphCLKConfig
 .text.HAL_RCCEx_GetPeriphCLKFreq
                0x0000000008004f18      0x9a4 ./Drivers/STM32H7xx_HAL_Driver/Src/stm32h7xx_hal_rcc_ex.o
                0x0000000008004f18                HAL_RCCEx_GetPeriphCLKFreq
 .text.HAL_RCCEx_GetD3PCLK1Freq
                0x00000000080058bc       0x2c ./Drivers/STM32H7xx_HAL_Driver/Src/stm32h7xx_hal_rcc_ex.o
                0x00000000080058bc                HAL_RCCEx_GetD3PCLK1Freq
 .text.HAL_RCCEx_GetPLL2ClockFreq
                0x00000000080058e8      0x2a8 ./Drivers/STM32H7xx_HAL_Driver/Src/stm32h7xx_hal_rcc_ex.o
                0x00000000080058e8                HAL_RCCEx_GetPLL2ClockFreq
 .text.HAL_RCCEx_GetPLL3ClockFreq
                0x0000000008005b90      0x2a8 ./Drivers/STM32H7xx_HAL_Driver/Src/stm32h7xx_hal_rcc_ex.o
                0x0000000008005b90                HAL_RCCEx_GetPLL3ClockFreq
 .text.HAL_RCCEx_GetPLL1ClockFreq
                0x0000000008005e38      0x2a4 ./Drivers/STM32H7xx_HAL_Driver/Src/stm32h7xx_hal_rcc_ex.o
                0x0000000008005e38                HAL_RCCEx_GetPLL1ClockFreq
 .text.RCCEx_PLL2_Config
                0x00000000080060dc      0x164 ./Drivers/STM32H7xx_HAL_Driver/Src/stm32h7xx_hal_rcc_ex.o
 .text.RCCEx_PLL3_Config
                0x0000000008006240      0x164 ./Drivers/STM32H7xx_HAL_Driver/Src/stm32h7xx_hal_rcc_ex.o
 .text.HAL_SAI_Init
                0x00000000080063a4      0x434 ./Drivers/STM32H7xx_HAL_Driver/Src/stm32h7xx_hal_sai.o
                0x00000000080063a4                HAL_SAI_Init
 .text.SAI_Disable
                0x00000000080067d8       0x74 ./Drivers/STM32H7xx_HAL_Driver/Src/stm32h7xx_hal_sai.o
 .text.HAL_SPI_Init
                0x000000000800684c      0x248 ./Drivers/STM32H7xx_HAL_Driver/Src/stm32h7xx_hal_spi.o
                0x000000000800684c                HAL_SPI_Init
 .text.SPI_GetPacketSize
                0x0000000008006a94       0x36 ./Drivers/STM32H7xx_HAL_Driver/Src/stm32h7xx_hal_spi.o
 .text.HAL_TIM_Base_Init
                0x0000000008006aca       0xae ./Drivers/STM32H7xx_HAL_Driver/Src/stm32h7xx_hal_tim.o
                0x0000000008006aca                HAL_TIM_Base_Init
 .text.HAL_TIM_PWM_Init
                0x0000000008006b78       0xae ./Drivers/STM32H7xx_HAL_Driver/Src/stm32h7xx_hal_tim.o
                0x0000000008006b78                HAL_TIM_PWM_Init
 .text.HAL_TIM_PWM_MspInit
                0x0000000008006c26       0x14 ./Drivers/STM32H7xx_HAL_Driver/Src/stm32h7xx_hal_tim.o
                0x0000000008006c26                HAL_TIM_PWM_MspInit
 *fill*         0x0000000008006c3a        0x2 
 .text.HAL_TIM_PWM_ConfigChannel
                0x0000000008006c3c      0x228 ./Drivers/STM32H7xx_HAL_Driver/Src/stm32h7xx_hal_tim.o
                0x0000000008006c3c                HAL_TIM_PWM_ConfigChannel
 .text.HAL_TIM_ConfigClockSource
                0x0000000008006e64      0x1f0 ./Drivers/STM32H7xx_HAL_Driver/Src/stm32h7xx_hal_tim.o
                0x0000000008006e64                HAL_TIM_ConfigClockSource
 .text.TIM_Base_SetConfig
                0x0000000008007054      0x14c ./Drivers/STM32H7xx_HAL_Driver/Src/stm32h7xx_hal_tim.o
                0x0000000008007054                TIM_Base_SetConfig
 .text.TIM_OC1_SetConfig
                0x00000000080071a0      0x120 ./Drivers/STM32H7xx_HAL_Driver/Src/stm32h7xx_hal_tim.o
 .text.TIM_OC2_SetConfig
                0x00000000080072c0      0x114 ./Drivers/STM32H7xx_HAL_Driver/Src/stm32h7xx_hal_tim.o
                0x00000000080072c0                TIM_OC2_SetConfig
 .text.TIM_OC3_SetConfig
                0x00000000080073d4      0x110 ./Drivers/STM32H7xx_HAL_Driver/Src/stm32h7xx_hal_tim.o
 .text.TIM_OC4_SetConfig
                0x00000000080074e4       0xd4 ./Drivers/STM32H7xx_HAL_Driver/Src/stm32h7xx_hal_tim.o
 .text.TIM_OC5_SetConfig
                0x00000000080075b8       0xc8 ./Drivers/STM32H7xx_HAL_Driver/Src/stm32h7xx_hal_tim.o
 .text.TIM_OC6_SetConfig
                0x0000000008007680       0xcc ./Drivers/STM32H7xx_HAL_Driver/Src/stm32h7xx_hal_tim.o
 .text.TIM_TI1_ConfigInputStage
                0x000000000800774c       0x5e ./Drivers/STM32H7xx_HAL_Driver/Src/stm32h7xx_hal_tim.o
 .text.TIM_TI2_ConfigInputStage
                0x00000000080077aa       0x60 ./Drivers/STM32H7xx_HAL_Driver/Src/stm32h7xx_hal_tim.o
 *fill*         0x000000000800780a        0x2 
 .text.TIM_ITRx_SetConfig
                0x000000000800780c       0x3c ./Drivers/STM32H7xx_HAL_Driver/Src/stm32h7xx_hal_tim.o
 .text.TIM_ETR_SetConfig
                0x0000000008007848       0x40 ./Drivers/STM32H7xx_HAL_Driver/Src/stm32h7xx_hal_tim.o
                0x0000000008007848                TIM_ETR_SetConfig
 .text.HAL_TIMEx_MasterConfigSynchronization
                0x0000000008007888      0x138 ./Drivers/STM32H7xx_HAL_Driver/Src/stm32h7xx_hal_tim_ex.o
                0x0000000008007888                HAL_TIMEx_MasterConfigSynchronization
 .text.HAL_USART_Init
                0x00000000080079c0       0x94 ./Drivers/STM32H7xx_HAL_Driver/Src/stm32h7xx_hal_usart.o
                0x00000000080079c0                HAL_USART_Init
 .text.USART_WaitOnFlagUntilTimeout
                0x0000000008007a54       0x6c ./Drivers/STM32H7xx_HAL_Driver/Src/stm32h7xx_hal_usart.o
 .text.USART_SetConfig
                0x0000000008007ac0      0xb44 ./Drivers/STM32H7xx_HAL_Driver/Src/stm32h7xx_hal_usart.o
 .text.USART_CheckIdleState
                0x0000000008008604       0x86 ./Drivers/STM32H7xx_HAL_Driver/Src/stm32h7xx_hal_usart.o
 .text.HAL_USARTEx_DisableFifoMode
                0x000000000800868a       0x72 ./Drivers/STM32H7xx_HAL_Driver/Src/stm32h7xx_hal_usart_ex.o
                0x000000000800868a                HAL_USARTEx_DisableFifoMode
 .text.HAL_USARTEx_SetTxFifoThreshold
                0x00000000080086fc       0x7c ./Drivers/STM32H7xx_HAL_Driver/Src/stm32h7xx_hal_usart_ex.o
                0x00000000080086fc                HAL_USARTEx_SetTxFifoThreshold
 .text.HAL_USARTEx_SetRxFifoThreshold
                0x0000000008008778       0x7c ./Drivers/STM32H7xx_HAL_Driver/Src/stm32h7xx_hal_usart_ex.o
                0x0000000008008778                HAL_USARTEx_SetRxFifoThreshold
 .text.USARTEx_SetNbDataToProcess
                0x00000000080087f4       0x94 ./Drivers/STM32H7xx_HAL_Driver/Src/stm32h7xx_hal_usart_ex.o
 .text.USB_CoreInit
                0x0000000008008888       0xdc ./Drivers/STM32H7xx_HAL_Driver/Src/stm32h7xx_ll_usb.o
                0x0000000008008888                USB_CoreInit
 .text.USB_SetTurnaroundTime
                0x0000000008008964      0x144 ./Drivers/STM32H7xx_HAL_Driver/Src/stm32h7xx_ll_usb.o
                0x0000000008008964                USB_SetTurnaroundTime
 .text.USB_EnableGlobalInt
                0x0000000008008aa8       0x22 ./Drivers/STM32H7xx_HAL_Driver/Src/stm32h7xx_ll_usb.o
                0x0000000008008aa8                USB_EnableGlobalInt
 .text.USB_DisableGlobalInt
                0x0000000008008aca       0x22 ./Drivers/STM32H7xx_HAL_Driver/Src/stm32h7xx_ll_usb.o
                0x0000000008008aca                USB_DisableGlobalInt
 .text.USB_SetCurrentMode
                0x0000000008008aec       0x98 ./Drivers/STM32H7xx_HAL_Driver/Src/stm32h7xx_ll_usb.o
                0x0000000008008aec                USB_SetCurrentMode
 .text.USB_DevInit
                0x0000000008008b84      0x2bc ./Drivers/STM32H7xx_HAL_Driver/Src/stm32h7xx_ll_usb.o
                0x0000000008008b84                USB_DevInit
 .text.USB_FlushTxFifo
                0x0000000008008e40       0x68 ./Drivers/STM32H7xx_HAL_Driver/Src/stm32h7xx_ll_usb.o
                0x0000000008008e40                USB_FlushTxFifo
 .text.USB_FlushRxFifo
                0x0000000008008ea8       0x60 ./Drivers/STM32H7xx_HAL_Driver/Src/stm32h7xx_ll_usb.o
                0x0000000008008ea8                USB_FlushRxFifo
 .text.USB_SetDevSpeed
                0x0000000008008f08       0x32 ./Drivers/STM32H7xx_HAL_Driver/Src/stm32h7xx_ll_usb.o
                0x0000000008008f08                USB_SetDevSpeed
 .text.USB_GetDevSpeed
                0x0000000008008f3a       0x4a ./Drivers/STM32H7xx_HAL_Driver/Src/stm32h7xx_ll_usb.o
                0x0000000008008f3a                USB_GetDevSpeed
 .text.USB_ActivateEndpoint
                0x0000000008008f84      0x110 ./Drivers/STM32H7xx_HAL_Driver/Src/stm32h7xx_ll_usb.o
                0x0000000008008f84                USB_ActivateEndpoint
 .text.USB_DeactivateEndpoint
                0x0000000008009094      0x1b8 ./Drivers/STM32H7xx_HAL_Driver/Src/stm32h7xx_ll_usb.o
                0x0000000008009094                USB_DeactivateEndpoint
 .text.USB_EPStartXfer
                0x000000000800924c      0x540 ./Drivers/STM32H7xx_HAL_Driver/Src/stm32h7xx_ll_usb.o
                0x000000000800924c                USB_EPStartXfer
 .text.USB_EPStopXfer
                0x000000000800978c      0x154 ./Drivers/STM32H7xx_HAL_Driver/Src/stm32h7xx_ll_usb.o
                0x000000000800978c                USB_EPStopXfer
 .text.USB_WritePacket
                0x00000000080098e0       0x7c ./Drivers/STM32H7xx_HAL_Driver/Src/stm32h7xx_ll_usb.o
                0x00000000080098e0                USB_WritePacket
 .text.USB_ReadPacket
                0x000000000800995c       0xb0 ./Drivers/STM32H7xx_HAL_Driver/Src/stm32h7xx_ll_usb.o
                0x000000000800995c                USB_ReadPacket
 .text.USB_EPSetStall
                0x0000000008009a0c       0xdc ./Drivers/STM32H7xx_HAL_Driver/Src/stm32h7xx_ll_usb.o
                0x0000000008009a0c                USB_EPSetStall
 .text.USB_EPClearStall
                0x0000000008009ae8       0xcc ./Drivers/STM32H7xx_HAL_Driver/Src/stm32h7xx_ll_usb.o
                0x0000000008009ae8                USB_EPClearStall
 .text.USB_SetDevAddress
                0x0000000008009bb4       0x4c ./Drivers/STM32H7xx_HAL_Driver/Src/stm32h7xx_ll_usb.o
                0x0000000008009bb4                USB_SetDevAddress
 .text.USB_DevConnect
                0x0000000008009c00       0x42 ./Drivers/STM32H7xx_HAL_Driver/Src/stm32h7xx_ll_usb.o
                0x0000000008009c00                USB_DevConnect
 .text.USB_DevDisconnect
                0x0000000008009c42       0x42 ./Drivers/STM32H7xx_HAL_Driver/Src/stm32h7xx_ll_usb.o
                0x0000000008009c42                USB_DevDisconnect
 .text.USB_ReadInterrupts
                0x0000000008009c84       0x26 ./Drivers/STM32H7xx_HAL_Driver/Src/stm32h7xx_ll_usb.o
                0x0000000008009c84                USB_ReadInterrupts
 .text.USB_ReadDevAllOutEpInterrupt
                0x0000000008009caa       0x34 ./Drivers/STM32H7xx_HAL_Driver/Src/stm32h7xx_ll_usb.o
                0x0000000008009caa                USB_ReadDevAllOutEpInterrupt
 .text.USB_ReadDevAllInEpInterrupt
                0x0000000008009cde       0x34 ./Drivers/STM32H7xx_HAL_Driver/Src/stm32h7xx_ll_usb.o
                0x0000000008009cde                USB_ReadDevAllInEpInterrupt
 .text.USB_ReadDevOutEPInterrupt
                0x0000000008009d12       0x3c ./Drivers/STM32H7xx_HAL_Driver/Src/stm32h7xx_ll_usb.o
                0x0000000008009d12                USB_ReadDevOutEPInterrupt
 .text.USB_ReadDevInEPInterrupt
                0x0000000008009d4e       0x5c ./Drivers/STM32H7xx_HAL_Driver/Src/stm32h7xx_ll_usb.o
                0x0000000008009d4e                USB_ReadDevInEPInterrupt
 .text.USB_GetMode
                0x0000000008009daa       0x1c ./Drivers/STM32H7xx_HAL_Driver/Src/stm32h7xx_ll_usb.o
                0x0000000008009daa                USB_GetMode
 *fill*         0x0000000008009dc6        0x2 
 .text.USB_ActivateSetup
                0x0000000008009dc8       0x48 ./Drivers/STM32H7xx_HAL_Driver/Src/stm32h7xx_ll_usb.o
                0x0000000008009dc8                USB_ActivateSetup
 .text.USB_EP0_OutStart
                0x0000000008009e10       0xbc ./Drivers/STM32H7xx_HAL_Driver/Src/stm32h7xx_ll_usb.o
                0x0000000008009e10                USB_EP0_OutStart
 .text.USB_CoreReset
                0x0000000008009ecc       0x68 ./Drivers/STM32H7xx_HAL_Driver/Src/stm32h7xx_ll_usb.o
 .text.USBD_AUDIO_Init
                0x0000000008009f34      0x13c ./Middlewares/ST/STM32_USB_Device_Library/Class/AUDIO/Src/usbd_audio.o
 .text.USBD_AUDIO_DeInit
                0x000000000800a070       0xb4 ./Middlewares/ST/STM32_USB_Device_Library/Class/AUDIO/Src/usbd_audio.o
 .text.USBD_AUDIO_Setup
                0x000000000800a124      0x1b8 ./Middlewares/ST/STM32_USB_Device_Library/Class/AUDIO/Src/usbd_audio.o
 .text.USBD_AUDIO_GetCfgDesc
                0x000000000800a2dc       0x20 ./Middlewares/ST/STM32_USB_Device_Library/Class/AUDIO/Src/usbd_audio.o
 .text.USBD_AUDIO_DataIn
                0x000000000800a2fc       0x1a ./Middlewares/ST/STM32_USB_Device_Library/Class/AUDIO/Src/usbd_audio.o
 .text.USBD_AUDIO_EP0_RxReady
                0x000000000800a316       0x80 ./Middlewares/ST/STM32_USB_Device_Library/Class/AUDIO/Src/usbd_audio.o
 .text.USBD_AUDIO_EP0_TxReady
                0x000000000800a396       0x16 ./Middlewares/ST/STM32_USB_Device_Library/Class/AUDIO/Src/usbd_audio.o
 .text.USBD_AUDIO_SOF
                0x000000000800a3ac       0x16 ./Middlewares/ST/STM32_USB_Device_Library/Class/AUDIO/Src/usbd_audio.o
 .text.USBD_AUDIO_IsoINIncomplete
                0x000000000800a3c2       0x1a ./Middlewares/ST/STM32_USB_Device_Library/Class/AUDIO/Src/usbd_audio.o
 .text.USBD_AUDIO_IsoOutIncomplete
                0x000000000800a3dc       0x1a ./Middlewares/ST/STM32_USB_Device_Library/Class/AUDIO/Src/usbd_audio.o
 *fill*         0x000000000800a3f6        0x2 
 .text.USBD_AUDIO_DataOut
                0x000000000800a3f8      0x12c ./Middlewares/ST/STM32_USB_Device_Library/Class/AUDIO/Src/usbd_audio.o
 .text.AUDIO_REQ_GetCurrent
                0x000000000800a524       0x58 ./Middlewares/ST/STM32_USB_Device_Library/Class/AUDIO/Src/usbd_audio.o
 .text.AUDIO_REQ_SetCurrent
                0x000000000800a57c       0x88 ./Middlewares/ST/STM32_USB_Device_Library/Class/AUDIO/Src/usbd_audio.o
 .text.USBD_AUDIO_GetDeviceQualifierDesc
                0x000000000800a604       0x20 ./Middlewares/ST/STM32_USB_Device_Library/Class/AUDIO/Src/usbd_audio.o
 .text.USBD_AUDIO_RegisterInterface
                0x000000000800a624       0x34 ./Middlewares/ST/STM32_USB_Device_Library/Class/AUDIO/Src/usbd_audio.o
                0x000000000800a624                USBD_AUDIO_RegisterInterface
 .text.USBD_AUDIO_GetAudioHeaderDesc
                0x000000000800a658       0x68 ./Middlewares/ST/STM32_USB_Device_Library/Class/AUDIO/Src/usbd_audio.o
 .text.USBD_Init
                0x000000000800a6c0       0x60 ./Middlewares/ST/STM32_USB_Device_Library/Core/Src/usbd_core.o
                0x000000000800a6c0                USBD_Init
 .text.USBD_RegisterClass
                0x000000000800a720       0x6c ./Middlewares/ST/STM32_USB_Device_Library/Core/Src/usbd_core.o
                0x000000000800a720                USBD_RegisterClass
 .text.USBD_Start
                0x000000000800a78c       0x18 ./Middlewares/ST/STM32_USB_Device_Library/Core/Src/usbd_core.o
                0x000000000800a78c                USBD_Start
 .text.USBD_RunTestMode
                0x000000000800a7a4       0x16 ./Middlewares/ST/STM32_USB_Device_Library/Core/Src/usbd_core.o
                0x000000000800a7a4                USBD_RunTestMode
 .text.USBD_SetClassConfig
                0x000000000800a7ba       0x38 ./Middlewares/ST/STM32_USB_Device_Library/Core/Src/usbd_core.o
                0x000000000800a7ba                USBD_SetClassConfig
 .text.USBD_ClrClassConfig
                0x000000000800a7f2       0x34 ./Middlewares/ST/STM32_USB_Device_Library/Core/Src/usbd_core.o
                0x000000000800a7f2                USBD_ClrClassConfig
 .text.USBD_LL_SetupStage
                0x000000000800a826       0xaa ./Middlewares/ST/STM32_USB_Device_Library/Core/Src/usbd_core.o
                0x000000000800a826                USBD_LL_SetupStage
 .text.USBD_LL_DataOutStage
                0x000000000800a8d0      0x166 ./Middlewares/ST/STM32_USB_Device_Library/Core/Src/usbd_core.o
                0x000000000800a8d0                USBD_LL_DataOutStage
 .text.USBD_LL_DataInStage
                0x000000000800aa36      0x164 ./Middlewares/ST/STM32_USB_Device_Library/Core/Src/usbd_core.o
                0x000000000800aa36                USBD_LL_DataInStage
 .text.USBD_LL_Reset
                0x000000000800ab9a       0xa4 ./Middlewares/ST/STM32_USB_Device_Library/Core/Src/usbd_core.o
                0x000000000800ab9a                USBD_LL_Reset
 .text.USBD_LL_SetSpeed
                0x000000000800ac3e       0x20 ./Middlewares/ST/STM32_USB_Device_Library/Core/Src/usbd_core.o
                0x000000000800ac3e                USBD_LL_SetSpeed
 .text.USBD_LL_Suspend
                0x000000000800ac5e       0x38 ./Middlewares/ST/STM32_USB_Device_Library/Core/Src/usbd_core.o
                0x000000000800ac5e                USBD_LL_Suspend
 .text.USBD_LL_Resume
                0x000000000800ac96       0x30 ./Middlewares/ST/STM32_USB_Device_Library/Core/Src/usbd_core.o
                0x000000000800ac96                USBD_LL_Resume
 .text.USBD_LL_SOF
                0x000000000800acc6       0x40 ./Middlewares/ST/STM32_USB_Device_Library/Core/Src/usbd_core.o
                0x000000000800acc6                USBD_LL_SOF
 .text.USBD_LL_IsoINIncomplete
                0x000000000800ad06       0x64 ./Middlewares/ST/STM32_USB_Device_Library/Core/Src/usbd_core.o
                0x000000000800ad06                USBD_LL_IsoINIncomplete
 .text.USBD_LL_IsoOUTIncomplete
                0x000000000800ad6a       0x64 ./Middlewares/ST/STM32_USB_Device_Library/Core/Src/usbd_core.o
                0x000000000800ad6a                USBD_LL_IsoOUTIncomplete
 .text.USBD_LL_DevConnected
                0x000000000800adce       0x16 ./Middlewares/ST/STM32_USB_Device_Library/Core/Src/usbd_core.o
                0x000000000800adce                USBD_LL_DevConnected
 .text.USBD_LL_DevDisconnected
                0x000000000800ade4       0x46 ./Middlewares/ST/STM32_USB_Device_Library/Core/Src/usbd_core.o
                0x000000000800ade4                USBD_LL_DevDisconnected
 .text.USBD_CoreFindIF
                0x000000000800ae2a       0x1a ./Middlewares/ST/STM32_USB_Device_Library/Core/Src/usbd_core.o
                0x000000000800ae2a                USBD_CoreFindIF
 .text.USBD_CoreFindEP
                0x000000000800ae44       0x1a ./Middlewares/ST/STM32_USB_Device_Library/Core/Src/usbd_core.o
                0x000000000800ae44                USBD_CoreFindEP
 .text.USBD_GetNextDesc
                0x000000000800ae5e       0x3a ./Middlewares/ST/STM32_USB_Device_Library/Core/Src/usbd_core.o
                0x000000000800ae5e                USBD_GetNextDesc
 .text.SWAPBYTE
                0x000000000800ae98       0x3c ./Middlewares/ST/STM32_USB_Device_Library/Core/Src/usbd_ctlreq.o
 .text.USBD_StdDevReq
                0x000000000800aed4       0xe4 ./Middlewares/ST/STM32_USB_Device_Library/Core/Src/usbd_ctlreq.o
                0x000000000800aed4                USBD_StdDevReq
 .text.USBD_StdItfReq
                0x000000000800afb8       0xd8 ./Middlewares/ST/STM32_USB_Device_Library/Core/Src/usbd_ctlreq.o
                0x000000000800afb8                USBD_StdItfReq
 .text.USBD_StdEPReq
                0x000000000800b090      0x33a ./Middlewares/ST/STM32_USB_Device_Library/Core/Src/usbd_ctlreq.o
                0x000000000800b090                USBD_StdEPReq
 *fill*         0x000000000800b3ca        0x2 
 .text.USBD_GetDescriptor
                0x000000000800b3cc      0x328 ./Middlewares/ST/STM32_USB_Device_Library/Core/Src/usbd_ctlreq.o
 .text.USBD_SetAddress
                0x000000000800b6f4       0x88 ./Middlewares/ST/STM32_USB_Device_Library/Core/Src/usbd_ctlreq.o
 .text.USBD_SetConfig
                0x000000000800b77c      0x154 ./Middlewares/ST/STM32_USB_Device_Library/Core/Src/usbd_ctlreq.o
 .text.USBD_GetConfig
                0x000000000800b8d0       0x6c ./Middlewares/ST/STM32_USB_Device_Library/Core/Src/usbd_ctlreq.o
 .text.USBD_GetStatus
                0x000000000800b93c       0x68 ./Middlewares/ST/STM32_USB_Device_Library/Core/Src/usbd_ctlreq.o
 .text.USBD_SetFeature
                0x000000000800b9a4       0x52 ./Middlewares/ST/STM32_USB_Device_Library/Core/Src/usbd_ctlreq.o
 .text.USBD_ClrFeature
                0x000000000800b9f6       0x44 ./Middlewares/ST/STM32_USB_Device_Library/Core/Src/usbd_ctlreq.o
 .text.USBD_ParseSetupRequest
                0x000000000800ba3a       0x74 ./Middlewares/ST/STM32_USB_Device_Library/Core/Src/usbd_ctlreq.o
                0x000000000800ba3a                USBD_ParseSetupRequest
 .text.USBD_CtlError
                0x000000000800baae       0x22 ./Middlewares/ST/STM32_USB_Device_Library/Core/Src/usbd_ctlreq.o
                0x000000000800baae                USBD_CtlError
 .text.USBD_GetString
                0x000000000800bad0       0x8c ./Middlewares/ST/STM32_USB_Device_Library/Core/Src/usbd_ctlreq.o
                0x000000000800bad0                USBD_GetString
 .text.USBD_GetLen
                0x000000000800bb5c       0x34 ./Middlewares/ST/STM32_USB_Device_Library/Core/Src/usbd_ctlreq.o
 .text.USBD_CtlSendData
                0x000000000800bb90       0x36 ./Middlewares/ST/STM32_USB_Device_Library/Core/Src/usbd_ioreq.o
                0x000000000800bb90                USBD_CtlSendData
 .text.USBD_CtlContinueSendData
                0x000000000800bbc6       0x22 ./Middlewares/ST/STM32_USB_Device_Library/Core/Src/usbd_ioreq.o
                0x000000000800bbc6                USBD_CtlContinueSendData
 .text.USBD_CtlPrepareRx
                0x000000000800bbe8       0x3a ./Middlewares/ST/STM32_USB_Device_Library/Core/Src/usbd_ioreq.o
                0x000000000800bbe8                USBD_CtlPrepareRx
 .text.USBD_CtlContinueRx
                0x000000000800bc22       0x22 ./Middlewares/ST/STM32_USB_Device_Library/Core/Src/usbd_ioreq.o
                0x000000000800bc22                USBD_CtlContinueRx
 .text.USBD_CtlSendStatus
                0x000000000800bc44       0x26 ./Middlewares/ST/STM32_USB_Device_Library/Core/Src/usbd_ioreq.o
                0x000000000800bc44                USBD_CtlSendStatus
 .text.USBD_CtlReceiveStatus
                0x000000000800bc6a       0x26 ./Middlewares/ST/STM32_USB_Device_Library/Core/Src/usbd_ioreq.o
                0x000000000800bc6a                USBD_CtlReceiveStatus
 .text.MX_USB_DEVICE_Init
                0x000000000800bc90       0x64 ./USB_DEVICE/App/usb_device.o
                0x000000000800bc90                MX_USB_DEVICE_Init
 .text.AUDIO_Init_HS
                0x000000000800bcf4       0x1a ./USB_DEVICE/App/usbd_audio_if.o
 .text.AUDIO_DeInit_HS
                0x000000000800bd0e       0x16 ./USB_DEVICE/App/usbd_audio_if.o
 .text.AUDIO_AudioCmd_HS
                0x000000000800bd24       0x28 ./USB_DEVICE/App/usbd_audio_if.o
 .text.AUDIO_VolumeCtl_HS
                0x000000000800bd4c       0x18 ./USB_DEVICE/App/usbd_audio_if.o
 .text.AUDIO_MuteCtl_HS
                0x000000000800bd64       0x18 ./USB_DEVICE/App/usbd_audio_if.o
 .text.AUDIO_PeriodicTC_HS
                0x000000000800bd7c       0x1c ./USB_DEVICE/App/usbd_audio_if.o
 .text.AUDIO_GetState_HS
                0x000000000800bd98       0x10 ./USB_DEVICE/App/usbd_audio_if.o
 .text.USBD_HS_DeviceDescriptor
                0x000000000800bda8       0x24 ./USB_DEVICE/App/usbd_desc.o
                0x000000000800bda8                USBD_HS_DeviceDescriptor
 .text.USBD_HS_LangIDStrDescriptor
                0x000000000800bdcc       0x24 ./USB_DEVICE/App/usbd_desc.o
                0x000000000800bdcc                USBD_HS_LangIDStrDescriptor
 .text.USBD_HS_ProductStrDescriptor
                0x000000000800bdf0       0x3c ./USB_DEVICE/App/usbd_desc.o
                0x000000000800bdf0                USBD_HS_ProductStrDescriptor
 .text.USBD_HS_ManufacturerStrDescriptor
                0x000000000800be2c       0x28 ./USB_DEVICE/App/usbd_desc.o
                0x000000000800be2c                USBD_HS_ManufacturerStrDescriptor
 .text.USBD_HS_SerialStrDescriptor
                0x000000000800be54       0x24 ./USB_DEVICE/App/usbd_desc.o
                0x000000000800be54                USBD_HS_SerialStrDescriptor
 .text.USBD_HS_ConfigStrDescriptor
                0x000000000800be78       0x3c ./USB_DEVICE/App/usbd_desc.o
                0x000000000800be78                USBD_HS_ConfigStrDescriptor
 .text.USBD_HS_InterfaceStrDescriptor
                0x000000000800beb4       0x3c ./USB_DEVICE/App/usbd_desc.o
                0x000000000800beb4                USBD_HS_InterfaceStrDescriptor
 .text.Get_SerialNum
                0x000000000800bef0       0x58 ./USB_DEVICE/App/usbd_desc.o
 .text.IntToUnicode
                0x000000000800bf48       0x7e ./USB_DEVICE/App/usbd_desc.o
 *fill*         0x000000000800bfc6        0x2 
 .text.HAL_PCD_MspInit
                0x000000000800bfc8       0x8c ./USB_DEVICE/Target/usbd_conf.o
                0x000000000800bfc8                HAL_PCD_MspInit
 .text.HAL_PCD_SetupStageCallback
                0x000000000800c054       0x24 ./USB_DEVICE/Target/usbd_conf.o
                0x000000000800c054                HAL_PCD_SetupStageCallback
 .text.HAL_PCD_DataOutStageCallback
                0x000000000800c078       0x36 ./USB_DEVICE/Target/usbd_conf.o
                0x000000000800c078                HAL_PCD_DataOutStageCallback
 .text.HAL_PCD_DataInStageCallback
                0x000000000800c0ae       0x34 ./USB_DEVICE/Target/usbd_conf.o
                0x000000000800c0ae                HAL_PCD_DataInStageCallback
 .text.HAL_PCD_SOFCallback
                0x000000000800c0e2       0x1c ./USB_DEVICE/Target/usbd_conf.o
                0x000000000800c0e2                HAL_PCD_SOFCallback
 .text.HAL_PCD_ResetCallback
                0x000000000800c0fe       0x50 ./USB_DEVICE/Target/usbd_conf.o
                0x000000000800c0fe                HAL_PCD_ResetCallback
 *fill*         0x000000000800c14e        0x2 
 .text.HAL_PCD_SuspendCallback
                0x000000000800c150       0x4c ./USB_DEVICE/Target/usbd_conf.o
                0x000000000800c150                HAL_PCD_SuspendCallback
 .text.HAL_PCD_ResumeCallback
                0x000000000800c19c       0x1c ./USB_DEVICE/Target/usbd_conf.o
                0x000000000800c19c                HAL_PCD_ResumeCallback
 .text.HAL_PCD_ISOOUTIncompleteCallback
                0x000000000800c1b8       0x24 ./USB_DEVICE/Target/usbd_conf.o
                0x000000000800c1b8                HAL_PCD_ISOOUTIncompleteCallback
 .text.HAL_PCD_ISOINIncompleteCallback
                0x000000000800c1dc       0x24 ./USB_DEVICE/Target/usbd_conf.o
                0x000000000800c1dc                HAL_PCD_ISOINIncompleteCallback
 .text.HAL_PCD_ConnectCallback
                0x000000000800c200       0x1c ./USB_DEVICE/Target/usbd_conf.o
                0x000000000800c200                HAL_PCD_ConnectCallback
 .text.HAL_PCD_DisconnectCallback
                0x000000000800c21c       0x1c ./USB_DEVICE/Target/usbd_conf.o
                0x000000000800c21c                HAL_PCD_DisconnectCallback
 .text.USBD_LL_Init
                0x000000000800c238       0xa4 ./USB_DEVICE/Target/usbd_conf.o
                0x000000000800c238                USBD_LL_Init
 .text.USBD_LL_Start
                0x000000000800c2dc       0x36 ./USB_DEVICE/Target/usbd_conf.o
                0x000000000800c2dc                USBD_LL_Start
 .text.USBD_LL_OpenEP
                0x000000000800c312       0x4c ./USB_DEVICE/Target/usbd_conf.o
                0x000000000800c312                USBD_LL_OpenEP
 .text.USBD_LL_CloseEP
                0x000000000800c35e       0x3e ./USB_DEVICE/Target/usbd_conf.o
                0x000000000800c35e                USBD_LL_CloseEP
 .text.USBD_LL_StallEP
                0x000000000800c39c       0x3e ./USB_DEVICE/Target/usbd_conf.o
                0x000000000800c39c                USBD_LL_StallEP
 .text.USBD_LL_ClearStallEP
                0x000000000800c3da       0x3e ./USB_DEVICE/Target/usbd_conf.o
                0x000000000800c3da                USBD_LL_ClearStallEP
 .text.USBD_LL_IsStallEP
                0x000000000800c418       0x58 ./USB_DEVICE/Target/usbd_conf.o
                0x000000000800c418                USBD_LL_IsStallEP
 .text.USBD_LL_SetUSBAddress
                0x000000000800c470       0x3e ./USB_DEVICE/Target/usbd_conf.o
                0x000000000800c470                USBD_LL_SetUSBAddress
 .text.USBD_LL_Transmit
                0x000000000800c4ae       0x42 ./USB_DEVICE/Target/usbd_conf.o
                0x000000000800c4ae                USBD_LL_Transmit
 .text.USBD_LL_PrepareReceive
                0x000000000800c4f0       0x42 ./USB_DEVICE/Target/usbd_conf.o
                0x000000000800c4f0                USBD_LL_PrepareReceive
 .text.USBD_LL_GetRxDataSize
                0x000000000800c532       0x26 ./USB_DEVICE/Target/usbd_conf.o
                0x000000000800c532                USBD_LL_GetRxDataSize
 .text.USBD_static_malloc
                0x000000000800c558       0x1c ./USB_DEVICE/Target/usbd_conf.o
                0x000000000800c558                USBD_static_malloc
 .text.USBD_static_free
                0x000000000800c574       0x14 ./USB_DEVICE/Target/usbd_conf.o
                0x000000000800c574                USBD_static_free
 .text.USBD_Get_USB_Status
                0x000000000800c588       0x58 ./USB_DEVICE/Target/usbd_conf.o
                0x000000000800c588                USBD_Get_USB_Status
 .text.memset   0x000000000800c5e0       0x10 C:/ST/STM32CubeIDE_1.14.1/STM32CubeIDE/plugins/com.st.stm32cube.ide.mcu.externaltools.gnu-tools-for-stm32.11.3.rel1.win32_1.1.100.202309141235/tools/bin/../lib/gcc/arm-none-eabi/11.3.1/../../../../arm-none-eabi/lib/thumb/v7e-m+dp/hard\libc_nano.a(libc_a-memset.o)
                0x000000000800c5e0                memset
 .text.__libc_init_array
                0x000000000800c5f0       0x48 C:/ST/STM32CubeIDE_1.14.1/STM32CubeIDE/plugins/com.st.stm32cube.ide.mcu.externaltools.gnu-tools-for-stm32.11.3.rel1.win32_1.1.100.202309141235/tools/bin/../lib/gcc/arm-none-eabi/11.3.1/../../../../arm-none-eabi/lib/thumb/v7e-m+dp/hard\libc_nano.a(libc_a-init.o)
                0x000000000800c5f0                __libc_init_array
 *(.glue_7)
 .glue_7        0x000000000800c638        0x0 linker stubs
 *(.glue_7t)
 .glue_7t       0x000000000800c638        0x0 linker stubs
 *(.eh_frame)
 .eh_frame      0x000000000800c638        0x0 C:/ST/STM32CubeIDE_1.14.1/STM32CubeIDE/plugins/com.st.stm32cube.ide.mcu.externaltools.gnu-tools-for-stm32.11.3.rel1.win32_1.1.100.202309141235/tools/bin/../lib/gcc/arm-none-eabi/11.3.1/thumb/v7e-m+dp/hard/crtbegin.o
 *(.init)
 .init          0x000000000800c638        0x4 C:/ST/STM32CubeIDE_1.14.1/STM32CubeIDE/plugins/com.st.stm32cube.ide.mcu.externaltools.gnu-tools-for-stm32.11.3.rel1.win32_1.1.100.202309141235/tools/bin/../lib/gcc/arm-none-eabi/11.3.1/thumb/v7e-m+dp/hard/crti.o
                0x000000000800c638                _init
 .init          0x000000000800c63c        0x8 C:/ST/STM32CubeIDE_1.14.1/STM32CubeIDE/plugins/com.st.stm32cube.ide.mcu.externaltools.gnu-tools-for-stm32.11.3.rel1.win32_1.1.100.202309141235/tools/bin/../lib/gcc/arm-none-eabi/11.3.1/thumb/v7e-m+dp/hard/crtn.o
 *(.fini)
 .fini          0x000000000800c644        0x4 C:/ST/STM32CubeIDE_1.14.1/STM32CubeIDE/plugins/com.st.stm32cube.ide.mcu.externaltools.gnu-tools-for-stm32.11.3.rel1.win32_1.1.100.202309141235/tools/bin/../lib/gcc/arm-none-eabi/11.3.1/thumb/v7e-m+dp/hard/crti.o
                0x000000000800c644                _fini
 .fini          0x000000000800c648        0x8 C:/ST/STM32CubeIDE_1.14.1/STM32CubeIDE/plugins/com.st.stm32cube.ide.mcu.externaltools.gnu-tools-for-stm32.11.3.rel1.win32_1.1.100.202309141235/tools/bin/../lib/gcc/arm-none-eabi/11.3.1/thumb/v7e-m+dp/hard/crtn.o
                0x000000000800c650                . = ALIGN (0x4)
                0x000000000800c650                _etext = .

.vfp11_veneer   0x000000000800c650        0x0
 .vfp11_veneer  0x000000000800c650        0x0 linker stubs

.v4_bx          0x000000000800c650        0x0
 .v4_bx         0x000000000800c650        0x0 linker stubs

.iplt           0x000000000800c650        0x0
 .iplt          0x000000000800c650        0x0 C:/ST/STM32CubeIDE_1.14.1/STM32CubeIDE/plugins/com.st.stm32cube.ide.mcu.externaltools.gnu-tools-for-stm32.11.3.rel1.win32_1.1.100.202309141235/tools/bin/../lib/gcc/arm-none-eabi/11.3.1/thumb/v7e-m+dp/hard/crtbegin.o

.rodata         0x000000000800c650       0x68
                0x000000000800c650                . = ALIGN (0x4)
 *(.rodata)
 .rodata        0x000000000800c650       0x48 ./USB_DEVICE/App/usbd_desc.o
 *(.rodata*)
 .rodata.D1CorePrescTable
                0x000000000800c698       0x10 ./Core/Src/system_stm32h7xx.o
                0x000000000800c698                D1CorePrescTable
 .rodata.numerator.1
                0x000000000800c6a8        0x8 ./Drivers/STM32H7xx_HAL_Driver/Src/stm32h7xx_hal_usart_ex.o
 .rodata.denominator.0
                0x000000000800c6b0        0x8 ./Drivers/STM32H7xx_HAL_Driver/Src/stm32h7xx_hal_usart_ex.o
                0x000000000800c6b8                . = ALIGN (0x4)

.rel.dyn        0x000000000800c6b8        0x0
 .rel.iplt      0x000000000800c6b8        0x0 C:/ST/STM32CubeIDE_1.14.1/STM32CubeIDE/plugins/com.st.stm32cube.ide.mcu.externaltools.gnu-tools-for-stm32.11.3.rel1.win32_1.1.100.202309141235/tools/bin/../lib/gcc/arm-none-eabi/11.3.1/thumb/v7e-m+dp/hard/crtbegin.o

.ARM.extab
 *(.ARM.extab* .gnu.linkonce.armextab.*)

.ARM            0x000000000800c6b8        0x0
                0x000000000800c6b8                __exidx_start = .
 *(.ARM.exidx*)
                0x000000000800c6b8                __exidx_end = .

.preinit_array  0x000000000800c6b8        0x0
                0x000000000800c6b8                PROVIDE (__preinit_array_start = .)
 *(.preinit_array*)
                0x000000000800c6b8                PROVIDE (__preinit_array_end = .)

.init_array     0x000000000800c6b8        0x4
                0x000000000800c6b8                PROVIDE (__init_array_start = .)
 *(SORT_BY_NAME(.init_array.*))
 *(.init_array*)
 .init_array    0x000000000800c6b8        0x4 C:/ST/STM32CubeIDE_1.14.1/STM32CubeIDE/plugins/com.st.stm32cube.ide.mcu.externaltools.gnu-tools-for-stm32.11.3.rel1.win32_1.1.100.202309141235/tools/bin/../lib/gcc/arm-none-eabi/11.3.1/thumb/v7e-m+dp/hard/crtbegin.o
                0x000000000800c6bc                PROVIDE (__init_array_end = .)

.fini_array     0x000000000800c6bc        0x4
                [!provide]                        PROVIDE (__fini_array_start = .)
 *(SORT_BY_NAME(.fini_array.*))
 *(.fini_array*)
 .fini_array    0x000000000800c6bc        0x4 C:/ST/STM32CubeIDE_1.14.1/STM32CubeIDE/plugins/com.st.stm32cube.ide.mcu.externaltools.gnu-tools-for-stm32.11.3.rel1.win32_1.1.100.202309141235/tools/bin/../lib/gcc/arm-none-eabi/11.3.1/thumb/v7e-m+dp/hard/crtbegin.o
                [!provide]                        PROVIDE (__fini_array_end = .)
                0x000000000800c6c0                _sidata = LOADADDR (.data)

.data           0x0000000024000000      0x134 load address 0x000000000800c6c0
                0x0000000024000000                . = ALIGN (0x4)
                0x0000000024000000                _sdata = .
 *(.data)
 *(.data*)
 .data.SystemCoreClock
                0x0000000024000000        0x4 ./Core/Src/system_stm32h7xx.o
                0x0000000024000000                SystemCoreClock
 .data.SystemD2Clock
                0x0000000024000004        0x4 ./Core/Src/system_stm32h7xx.o
                0x0000000024000004                SystemD2Clock
 .data.uwTickPrio
                0x0000000024000008        0x4 ./Drivers/STM32H7xx_HAL_Driver/Src/stm32h7xx_hal.o
                0x0000000024000008                uwTickPrio
 .data.uwTickFreq
                0x000000002400000c        0x1 ./Drivers/STM32H7xx_HAL_Driver/Src/stm32h7xx_hal.o
                0x000000002400000c                uwTickFreq
 *fill*         0x000000002400000d        0x3 
 .data.USBD_AUDIO
                0x0000000024000010       0x38 ./Middlewares/ST/STM32_USB_Device_Library/Class/AUDIO/Src/usbd_audio.o
                0x0000000024000010                USBD_AUDIO
 .data.USBD_AUDIO_CfgDesc
                0x0000000024000048       0x6d ./Middlewares/ST/STM32_USB_Device_Library/Class/AUDIO/Src/usbd_audio.o
 *fill*         0x00000000240000b5        0x3 
 .data.USBD_AUDIO_DeviceQualifierDesc
                0x00000000240000b8        0xa ./Middlewares/ST/STM32_USB_Device_Library/Class/AUDIO/Src/usbd_audio.o
 .data.AUDIOOutEpAdd
                0x00000000240000c2        0x1 ./Middlewares/ST/STM32_USB_Device_Library/Class/AUDIO/Src/usbd_audio.o
 *fill*         0x00000000240000c3        0x1 
 .data.USBD_AUDIO_fops_HS
                0x00000000240000c4       0x1c ./USB_DEVICE/App/usbd_audio_if.o
                0x00000000240000c4                USBD_AUDIO_fops_HS
 .data.HS_Desc  0x00000000240000e0       0x20 ./USB_DEVICE/App/usbd_desc.o
                0x00000000240000e0                HS_Desc
 .data.USBD_HS_DeviceDesc
                0x0000000024000100       0x12 ./USB_DEVICE/App/usbd_desc.o
                0x0000000024000100                USBD_HS_DeviceDesc
 *fill*         0x0000000024000112        0x2 
 .data.USBD_LangIDDesc
                0x0000000024000114        0x4 ./USB_DEVICE/App/usbd_desc.o
                0x0000000024000114                USBD_LangIDDesc
 .data.USBD_StringSerial
                0x0000000024000118       0x1a ./USB_DEVICE/App/usbd_desc.o
                0x0000000024000118                USBD_StringSerial
 *(.RamFunc)
 *(.RamFunc*)
                0x0000000024000134                . = ALIGN (0x4)
 *fill*         0x0000000024000132        0x2 
                0x0000000024000134                _edata = .

.igot.plt       0x0000000024000134        0x0 load address 0x000000000800c7f4
 .igot.plt      0x0000000024000134        0x0 C:/ST/STM32CubeIDE_1.14.1/STM32CubeIDE/plugins/com.st.stm32cube.ide.mcu.externaltools.gnu-tools-for-stm32.11.3.rel1.win32_1.1.100.202309141235/tools/bin/../lib/gcc/arm-none-eabi/11.3.1/thumb/v7e-m+dp/hard/crtbegin.o
                0x0000000024000134                . = ALIGN (0x4)

.bss            0x0000000024000134     0x4950 load address 0x000000000800c7f4
                0x0000000024000134                _sbss = .
                0x0000000024000134                __bss_start__ = _sbss
 *(.bss)
 .bss           0x0000000024000134       0x1c C:/ST/STM32CubeIDE_1.14.1/STM32CubeIDE/plugins/com.st.stm32cube.ide.mcu.externaltools.gnu-tools-for-stm32.11.3.rel1.win32_1.1.100.202309141235/tools/bin/../lib/gcc/arm-none-eabi/11.3.1/thumb/v7e-m+dp/hard/crtbegin.o
 *(.bss*)
 .bss.hsai_BlockA1
                0x0000000024000150       0x98 ./Core/Src/sai.o
                0x0000000024000150                hsai_BlockA1
 .bss.hsai_BlockB1
                0x00000000240001e8       0x98 ./Core/Src/sai.o
                0x00000000240001e8                hsai_BlockB1
 .bss.SAI1_client
                0x0000000024000280        0x4 ./Core/Src/sai.o
 .bss.hspi1     0x0000000024000284       0x88 ./Core/Src/spi.o
                0x0000000024000284                hspi1
 .bss.hspi2     0x000000002400030c       0x88 ./Core/Src/spi.o
                0x000000002400030c                hspi2
 .bss.htim3     0x0000000024000394       0x4c ./Core/Src/tim.o
                0x0000000024000394                htim3
 .bss.husart3   0x00000000240003e0       0x60 ./Core/Src/usart.o
                0x00000000240003e0                husart3
 .bss.uwTick    0x0000000024000440        0x4 ./Drivers/STM32H7xx_HAL_Driver/Src/stm32h7xx_hal.o
                0x0000000024000440                uwTick
 .bss.cfgidx.0  0x0000000024000444        0x1 ./Middlewares/ST/STM32_USB_Device_Library/Core/Src/usbd_ctlreq.o
 *fill*         0x0000000024000445        0x3 
 .bss.hUsbDeviceHS
                0x0000000024000448      0x2dc ./USB_DEVICE/App/usb_device.o
                0x0000000024000448                hUsbDeviceHS
 .bss.USBD_StrDesc
                0x0000000024000724      0x200 ./USB_DEVICE/App/usbd_desc.o
                0x0000000024000724                USBD_StrDesc
 .bss.hpcd_USB_OTG_HS
                0x0000000024000924      0x50c ./USB_DEVICE/Target/usbd_conf.o
                0x0000000024000924                hpcd_USB_OTG_HS
 .bss.mem.0     0x0000000024000e30     0x3c54 ./USB_DEVICE/Target/usbd_conf.o
 *(COMMON)
                0x0000000024004a84                . = ALIGN (0x4)
                0x0000000024004a84                _ebss = .
                0x0000000024004a84                __bss_end__ = _ebss

._user_heap_stack
                0x0000000024004a84      0x604 load address 0x000000000800c7f4
                0x0000000024004a88                . = ALIGN (0x8)
 *fill*         0x0000000024004a84        0x4 
                [!provide]                        PROVIDE (end = .)
                0x0000000024004a88                PROVIDE (_end = .)
                0x0000000024004c88                . = (. + _Min_Heap_Size)
 *fill*         0x0000000024004a88      0x200 
                0x0000000024005088                . = (. + _Min_Stack_Size)
 *fill*         0x0000000024004c88      0x400 
                0x0000000024005088                . = ALIGN (0x8)

/DISCARD/
 libc.a(*)
 libm.a(*)
 libgcc.a(*)

.ARM.attributes
                0x0000000000000000       0x2e
 *(.ARM.attributes)
 .ARM.attributes
                0x0000000000000000       0x1e C:/ST/STM32CubeIDE_1.14.1/STM32CubeIDE/plugins/com.st.stm32cube.ide.mcu.externaltools.gnu-tools-for-stm32.11.3.rel1.win32_1.1.100.202309141235/tools/bin/../lib/gcc/arm-none-eabi/11.3.1/thumb/v7e-m+dp/hard/crti.o
 .ARM.attributes
                0x000000000000001e       0x32 C:/ST/STM32CubeIDE_1.14.1/STM32CubeIDE/plugins/com.st.stm32cube.ide.mcu.externaltools.gnu-tools-for-stm32.11.3.rel1.win32_1.1.100.202309141235/tools/bin/../lib/gcc/arm-none-eabi/11.3.1/thumb/v7e-m+dp/hard/crtbegin.o
 .ARM.attributes
                0x0000000000000050       0x32 ./Core/Src/gpio.o
 .ARM.attributes
                0x0000000000000082       0x32 ./Core/Src/main.o
 .ARM.attributes
                0x00000000000000b4       0x32 ./Core/Src/sai.o
 .ARM.attributes
                0x00000000000000e6       0x32 ./Core/Src/spi.o
 .ARM.attributes
                0x0000000000000118       0x32 ./Core/Src/stm32h7xx_hal_msp.o
 .ARM.attributes
                0x000000000000014a       0x32 ./Core/Src/stm32h7xx_it.o
 .ARM.attributes
                0x000000000000017c       0x32 ./Core/Src/system_stm32h7xx.o
 .ARM.attributes
                0x00000000000001ae       0x32 ./Core/Src/tim.o
 .ARM.attributes
                0x00000000000001e0       0x32 ./Core/Src/usart.o
 .ARM.attributes
                0x0000000000000212       0x21 ./Core/Startup/startup_stm32h723zgtx.o
 .ARM.attributes
                0x0000000000000233       0x32 ./Drivers/STM32H7xx_HAL_Driver/Src/stm32h7xx_hal.o
 .ARM.attributes
                0x0000000000000265       0x32 ./Drivers/STM32H7xx_HAL_Driver/Src/stm32h7xx_hal_cortex.o
 .ARM.attributes
                0x0000000000000297       0x32 ./Drivers/STM32H7xx_HAL_Driver/Src/stm32h7xx_hal_gpio.o
 .ARM.attributes
                0x00000000000002c9       0x32 ./Drivers/STM32H7xx_HAL_Driver/Src/stm32h7xx_hal_pcd.o
 .ARM.attributes
                0x00000000000002fb       0x32 ./Drivers/STM32H7xx_HAL_Driver/Src/stm32h7xx_hal_pcd_ex.o
 .ARM.attributes
                0x000000000000032d       0x32 ./Drivers/STM32H7xx_HAL_Driver/Src/stm32h7xx_hal_pwr_ex.o
 .ARM.attributes
                0x000000000000035f       0x32 ./Drivers/STM32H7xx_HAL_Driver/Src/stm32h7xx_hal_rcc.o
 .ARM.attributes
                0x0000000000000391       0x32 ./Drivers/STM32H7xx_HAL_Driver/Src/stm32h7xx_hal_rcc_ex.o
 .ARM.attributes
                0x00000000000003c3       0x32 ./Drivers/STM32H7xx_HAL_Driver/Src/stm32h7xx_hal_sai.o
 .ARM.attributes
                0x00000000000003f5       0x32 ./Drivers/STM32H7xx_HAL_Driver/Src/stm32h7xx_hal_spi.o
 .ARM.attributes
                0x0000000000000427       0x32 ./Drivers/STM32H7xx_HAL_Driver/Src/stm32h7xx_hal_tim.o
 .ARM.attributes
                0x0000000000000459       0x32 ./Drivers/STM32H7xx_HAL_Driver/Src/stm32h7xx_hal_tim_ex.o
 .ARM.attributes
                0x000000000000048b       0x32 ./Drivers/STM32H7xx_HAL_Driver/Src/stm32h7xx_hal_usart.o
 .ARM.attributes
                0x00000000000004bd       0x32 ./Drivers/STM32H7xx_HAL_Driver/Src/stm32h7xx_hal_usart_ex.o
 .ARM.attributes
                0x00000000000004ef       0x32 ./Drivers/STM32H7xx_HAL_Driver/Src/stm32h7xx_ll_usb.o
 .ARM.attributes
                0x0000000000000521       0x32 ./Middlewares/ST/STM32_USB_Device_Library/Class/AUDIO/Src/usbd_audio.o
 .ARM.attributes
                0x0000000000000553       0x32 ./Middlewares/ST/STM32_USB_Device_Library/Core/Src/usbd_core.o
 .ARM.attributes
                0x0000000000000585       0x32 ./Middlewares/ST/STM32_USB_Device_Library/Core/Src/usbd_ctlreq.o
 .ARM.attributes
                0x00000000000005b7       0x32 ./Middlewares/ST/STM32_USB_Device_Library/Core/Src/usbd_ioreq.o
 .ARM.attributes
                0x00000000000005e9       0x32 ./USB_DEVICE/App/usb_device.o
 .ARM.attributes
                0x000000000000061b       0x32 ./USB_DEVICE/App/usbd_audio_if.o
 .ARM.attributes
                0x000000000000064d       0x32 ./USB_DEVICE/App/usbd_desc.o
 .ARM.attributes
                0x000000000000067f       0x32 ./USB_DEVICE/Target/usbd_conf.o
 .ARM.attributes
                0x00000000000006b1       0x32 C:/ST/STM32CubeIDE_1.14.1/STM32CubeIDE/plugins/com.st.stm32cube.ide.mcu.externaltools.gnu-tools-for-stm32.11.3.rel1.win32_1.1.100.202309141235/tools/bin/../lib/gcc/arm-none-eabi/11.3.1/../../../../arm-none-eabi/lib/thumb/v7e-m+dp/hard\libc_nano.a(libc_a-memset.o)
 .ARM.attributes
                0x00000000000006e3       0x32 C:/ST/STM32CubeIDE_1.14.1/STM32CubeIDE/plugins/com.st.stm32cube.ide.mcu.externaltools.gnu-tools-for-stm32.11.3.rel1.win32_1.1.100.202309141235/tools/bin/../lib/gcc/arm-none-eabi/11.3.1/../../../../arm-none-eabi/lib/thumb/v7e-m+dp/hard\libc_nano.a(libc_a-init.o)
 .ARM.attributes
                0x0000000000000715       0x1e C:/ST/STM32CubeIDE_1.14.1/STM32CubeIDE/plugins/com.st.stm32cube.ide.mcu.externaltools.gnu-tools-for-stm32.11.3.rel1.win32_1.1.100.202309141235/tools/bin/../lib/gcc/arm-none-eabi/11.3.1/thumb/v7e-m+dp/hard/crtn.o
OUTPUT(CameraFirmwareRev1.elf elf32-littlearm)
LOAD linker stubs
LOAD C:/ST/STM32CubeIDE_1.14.1/STM32CubeIDE/plugins/com.st.stm32cube.ide.mcu.externaltools.gnu-tools-for-stm32.11.3.rel1.win32_1.1.100.202309141235/tools/bin/../lib/gcc/arm-none-eabi/11.3.1/../../../../arm-none-eabi/lib/thumb/v7e-m+dp/hard\libc.a
LOAD C:/ST/STM32CubeIDE_1.14.1/STM32CubeIDE/plugins/com.st.stm32cube.ide.mcu.externaltools.gnu-tools-for-stm32.11.3.rel1.win32_1.1.100.202309141235/tools/bin/../lib/gcc/arm-none-eabi/11.3.1/../../../../arm-none-eabi/lib/thumb/v7e-m+dp/hard\libm.a
LOAD C:/ST/STM32CubeIDE_1.14.1/STM32CubeIDE/plugins/com.st.stm32cube.ide.mcu.externaltools.gnu-tools-for-stm32.11.3.rel1.win32_1.1.100.202309141235/tools/bin/../lib/gcc/arm-none-eabi/11.3.1/thumb/v7e-m+dp/hard\libgcc.a

.comment        0x0000000000000000       0x43
 .comment       0x0000000000000000       0x43 C:/ST/STM32CubeIDE_1.14.1/STM32CubeIDE/plugins/com.st.stm32cube.ide.mcu.externaltools.gnu-tools-for-stm32.11.3.rel1.win32_1.1.100.202309141235/tools/bin/../lib/gcc/arm-none-eabi/11.3.1/thumb/v7e-m+dp/hard/crtbegin.o
                                         0x44 (size before relaxing)
 .comment       0x0000000000000043       0x44 ./Core/Src/gpio.o
 .comment       0x0000000000000043       0x44 ./Core/Src/main.o
 .comment       0x0000000000000043       0x44 ./Core/Src/sai.o
 .comment       0x0000000000000043       0x44 ./Core/Src/spi.o
 .comment       0x0000000000000043       0x44 ./Core/Src/stm32h7xx_hal_msp.o
 .comment       0x0000000000000043       0x44 ./Core/Src/stm32h7xx_it.o
 .comment       0x0000000000000043       0x44 ./Core/Src/system_stm32h7xx.o
 .comment       0x0000000000000043       0x44 ./Core/Src/tim.o
 .comment       0x0000000000000043       0x44 ./Core/Src/usart.o
 .comment       0x0000000000000043       0x44 ./Drivers/STM32H7xx_HAL_Driver/Src/stm32h7xx_hal.o
 .comment       0x0000000000000043       0x44 ./Drivers/STM32H7xx_HAL_Driver/Src/stm32h7xx_hal_cortex.o
 .comment       0x0000000000000043       0x44 ./Drivers/STM32H7xx_HAL_Driver/Src/stm32h7xx_hal_gpio.o
 .comment       0x0000000000000043       0x44 ./Drivers/STM32H7xx_HAL_Driver/Src/stm32h7xx_hal_pcd.o
 .comment       0x0000000000000043       0x44 ./Drivers/STM32H7xx_HAL_Driver/Src/stm32h7xx_hal_pcd_ex.o
 .comment       0x0000000000000043       0x44 ./Drivers/STM32H7xx_HAL_Driver/Src/stm32h7xx_hal_pwr_ex.o
 .comment       0x0000000000000043       0x44 ./Drivers/STM32H7xx_HAL_Driver/Src/stm32h7xx_hal_rcc.o
 .comment       0x0000000000000043       0x44 ./Drivers/STM32H7xx_HAL_Driver/Src/stm32h7xx_hal_rcc_ex.o
 .comment       0x0000000000000043       0x44 ./Drivers/STM32H7xx_HAL_Driver/Src/stm32h7xx_hal_sai.o
 .comment       0x0000000000000043       0x44 ./Drivers/STM32H7xx_HAL_Driver/Src/stm32h7xx_hal_spi.o
 .comment       0x0000000000000043       0x44 ./Drivers/STM32H7xx_HAL_Driver/Src/stm32h7xx_hal_tim.o
 .comment       0x0000000000000043       0x44 ./Drivers/STM32H7xx_HAL_Driver/Src/stm32h7xx_hal_tim_ex.o
 .comment       0x0000000000000043       0x44 ./Drivers/STM32H7xx_HAL_Driver/Src/stm32h7xx_hal_usart.o
 .comment       0x0000000000000043       0x44 ./Drivers/STM32H7xx_HAL_Driver/Src/stm32h7xx_hal_usart_ex.o
 .comment       0x0000000000000043       0x44 ./Drivers/STM32H7xx_HAL_Driver/Src/stm32h7xx_ll_usb.o
 .comment       0x0000000000000043       0x44 ./Middlewares/ST/STM32_USB_Device_Library/Class/AUDIO/Src/usbd_audio.o
 .comment       0x0000000000000043       0x44 ./Middlewares/ST/STM32_USB_Device_Library/Core/Src/usbd_core.o
 .comment       0x0000000000000043       0x44 ./Middlewares/ST/STM32_USB_Device_Library/Core/Src/usbd_ctlreq.o
 .comment       0x0000000000000043       0x44 ./Middlewares/ST/STM32_USB_Device_Library/Core/Src/usbd_ioreq.o
 .comment       0x0000000000000043       0x44 ./USB_DEVICE/App/usb_device.o
 .comment       0x0000000000000043       0x44 ./USB_DEVICE/App/usbd_audio_if.o
 .comment       0x0000000000000043       0x44 ./USB_DEVICE/App/usbd_desc.o
 .comment       0x0000000000000043       0x44 ./USB_DEVICE/Target/usbd_conf.o

.debug_info     0x0000000000000000    0x1f183
 .debug_info    0x0000000000000000      0x4e9 ./Core/Src/gpio.o
 .debug_info    0x00000000000004e9      0x76b ./Core/Src/main.o
 .debug_info    0x0000000000000c54     0x10a7 ./Core/Src/sai.o
 .debug_info    0x0000000000001cfb     0x10e7 ./Core/Src/spi.o
 .debug_info    0x0000000000002de2      0x464 ./Core/Src/stm32h7xx_hal_msp.o
 .debug_info    0x0000000000003246      0x6b2 ./Core/Src/stm32h7xx_it.o
 .debug_info    0x00000000000038f8      0xb2e ./Core/Src/system_stm32h7xx.o
 .debug_info    0x0000000000004426      0xd99 ./Core/Src/tim.o
 .debug_info    0x00000000000051bf     0x100c ./Core/Src/usart.o
 .debug_info    0x00000000000061cb       0x23 ./Core/Startup/startup_stm32h723zgtx.o
 .debug_info    0x00000000000061ee     0x1698 ./Drivers/STM32H7xx_HAL_Driver/Src/stm32h7xx_hal.o
 .debug_info    0x0000000000007886     0x1054 ./Drivers/STM32H7xx_HAL_Driver/Src/stm32h7xx_hal_cortex.o
 .debug_info    0x00000000000088da      0xc5c ./Drivers/STM32H7xx_HAL_Driver/Src/stm32h7xx_hal_gpio.o
 .debug_info    0x0000000000009536     0x1548 ./Drivers/STM32H7xx_HAL_Driver/Src/stm32h7xx_hal_pcd.o
 .debug_info    0x000000000000aa7e      0x8b3 ./Drivers/STM32H7xx_HAL_Driver/Src/stm32h7xx_hal_pcd_ex.o
 .debug_info    0x000000000000b331      0xdc4 ./Drivers/STM32H7xx_HAL_Driver/Src/stm32h7xx_hal_pwr_ex.o
 .debug_info    0x000000000000c0f5      0xd73 ./Drivers/STM32H7xx_HAL_Driver/Src/stm32h7xx_hal_rcc.o
 .debug_info    0x000000000000ce68     0x11fc ./Drivers/STM32H7xx_HAL_Driver/Src/stm32h7xx_hal_rcc_ex.o
 .debug_info    0x000000000000e064     0x13c4 ./Drivers/STM32H7xx_HAL_Driver/Src/stm32h7xx_hal_sai.o
 .debug_info    0x000000000000f428     0x147c ./Drivers/STM32H7xx_HAL_Driver/Src/stm32h7xx_hal_spi.o
 .debug_info    0x00000000000108a4     0x2b8b ./Drivers/STM32H7xx_HAL_Driver/Src/stm32h7xx_hal_tim.o
 .debug_info    0x000000000001342f     0x18c1 ./Drivers/STM32H7xx_HAL_Driver/Src/stm32h7xx_hal_tim_ex.o
 .debug_info    0x0000000000014cf0     0x19de ./Drivers/STM32H7xx_HAL_Driver/Src/stm32h7xx_hal_usart.o
 .debug_info    0x00000000000166ce      0x970 ./Drivers/STM32H7xx_HAL_Driver/Src/stm32h7xx_hal_usart_ex.o
 .debug_info    0x000000000001703e     0x19a9 ./Drivers/STM32H7xx_HAL_Driver/Src/stm32h7xx_ll_usb.o
 .debug_info    0x00000000000189e7      0xe97 ./Middlewares/ST/STM32_USB_Device_Library/Class/AUDIO/Src/usbd_audio.o
 .debug_info    0x000000000001987e      0xe20 ./Middlewares/ST/STM32_USB_Device_Library/Core/Src/usbd_core.o
 .debug_info    0x000000000001a69e      0xaf9 ./Middlewares/ST/STM32_USB_Device_Library/Core/Src/usbd_ctlreq.o
 .debug_info    0x000000000001b197      0x770 ./Middlewares/ST/STM32_USB_Device_Library/Core/Src/usbd_ioreq.o
 .debug_info    0x000000000001b907      0x750 ./USB_DEVICE/App/usb_device.o
 .debug_info    0x000000000001c057      0x87d ./USB_DEVICE/App/usbd_audio_if.o
 .debug_info    0x000000000001c8d4      0x4c5 ./USB_DEVICE/App/usbd_desc.o
 .debug_info    0x000000000001cd99     0x23ea ./USB_DEVICE/Target/usbd_conf.o

.debug_abbrev   0x0000000000000000     0x480f
 .debug_abbrev  0x0000000000000000       0xe8 ./Core/Src/gpio.o
 .debug_abbrev  0x00000000000000e8      0x1b5 ./Core/Src/main.o
 .debug_abbrev  0x000000000000029d      0x22c ./Core/Src/sai.o
 .debug_abbrev  0x00000000000004c9      0x22f ./Core/Src/spi.o
 .debug_abbrev  0x00000000000006f8       0xdb ./Core/Src/stm32h7xx_hal_msp.o
 .debug_abbrev  0x00000000000007d3      0x1a4 ./Core/Src/stm32h7xx_it.o
 .debug_abbrev  0x0000000000000977      0x13a ./Core/Src/system_stm32h7xx.o
 .debug_abbrev  0x0000000000000ab1      0x1f7 ./Core/Src/tim.o
 .debug_abbrev  0x0000000000000ca8      0x228 ./Core/Src/usart.o
 .debug_abbrev  0x0000000000000ed0       0x12 ./Core/Startup/startup_stm32h723zgtx.o
 .debug_abbrev  0x0000000000000ee2      0x29e ./Drivers/STM32H7xx_HAL_Driver/Src/stm32h7xx_hal.o
 .debug_abbrev  0x0000000000001180      0x339 ./Drivers/STM32H7xx_HAL_Driver/Src/stm32h7xx_hal_cortex.o
 .debug_abbrev  0x00000000000014b9      0x1fe ./Drivers/STM32H7xx_HAL_Driver/Src/stm32h7xx_hal_gpio.o
 .debug_abbrev  0x00000000000016b7      0x2e6 ./Drivers/STM32H7xx_HAL_Driver/Src/stm32h7xx_hal_pcd.o
 .debug_abbrev  0x000000000000199d      0x256 ./Drivers/STM32H7xx_HAL_Driver/Src/stm32h7xx_hal_pcd_ex.o
 .debug_abbrev  0x0000000000001bf3      0x295 ./Drivers/STM32H7xx_HAL_Driver/Src/stm32h7xx_hal_pwr_ex.o
 .debug_abbrev  0x0000000000001e88      0x2b1 ./Drivers/STM32H7xx_HAL_Driver/Src/stm32h7xx_hal_rcc.o
 .debug_abbrev  0x0000000000002139      0x269 ./Drivers/STM32H7xx_HAL_Driver/Src/stm32h7xx_hal_rcc_ex.o
 .debug_abbrev  0x00000000000023a2      0x289 ./Drivers/STM32H7xx_HAL_Driver/Src/stm32h7xx_hal_sai.o
 .debug_abbrev  0x000000000000262b      0x2b1 ./Drivers/STM32H7xx_HAL_Driver/Src/stm32h7xx_hal_spi.o
 .debug_abbrev  0x00000000000028dc      0x276 ./Drivers/STM32H7xx_HAL_Driver/Src/stm32h7xx_hal_tim.o
 .debug_abbrev  0x0000000000002b52      0x296 ./Drivers/STM32H7xx_HAL_Driver/Src/stm32h7xx_hal_tim_ex.o
 .debug_abbrev  0x0000000000002de8      0x2b2 ./Drivers/STM32H7xx_HAL_Driver/Src/stm32h7xx_hal_usart.o
 .debug_abbrev  0x000000000000309a      0x206 ./Drivers/STM32H7xx_HAL_Driver/Src/stm32h7xx_hal_usart_ex.o
 .debug_abbrev  0x00000000000032a0      0x2ac ./Drivers/STM32H7xx_HAL_Driver/Src/stm32h7xx_ll_usb.o
 .debug_abbrev  0x000000000000354c      0x316 ./Middlewares/ST/STM32_USB_Device_Library/Class/AUDIO/Src/usbd_audio.o
 .debug_abbrev  0x0000000000003862      0x27c ./Middlewares/ST/STM32_USB_Device_Library/Core/Src/usbd_core.o
 .debug_abbrev  0x0000000000003ade      0x26f ./Middlewares/ST/STM32_USB_Device_Library/Core/Src/usbd_ctlreq.o
 .debug_abbrev  0x0000000000003d4d      0x19a ./Middlewares/ST/STM32_USB_Device_Library/Core/Src/usbd_ioreq.o
 .debug_abbrev  0x0000000000003ee7      0x1e3 ./USB_DEVICE/App/usb_device.o
 .debug_abbrev  0x00000000000040ca      0x217 ./USB_DEVICE/App/usbd_audio_if.o
 .debug_abbrev  0x00000000000042e1      0x1f5 ./USB_DEVICE/App/usbd_desc.o
 .debug_abbrev  0x00000000000044d6      0x339 ./USB_DEVICE/Target/usbd_conf.o

.debug_aranges  0x0000000000000000     0x1a30
 .debug_aranges
                0x0000000000000000       0x20 ./Core/Src/gpio.o
 .debug_aranges
                0x0000000000000020       0x38 ./Core/Src/main.o
 .debug_aranges
                0x0000000000000058       0x30 ./Core/Src/sai.o
 .debug_aranges
                0x0000000000000088       0x38 ./Core/Src/spi.o
 .debug_aranges
                0x00000000000000c0       0x20 ./Core/Src/stm32h7xx_hal_msp.o
 .debug_aranges
                0x00000000000000e0       0x68 ./Core/Src/stm32h7xx_it.o
 .debug_aranges
                0x0000000000000148       0x28 ./Core/Src/system_stm32h7xx.o
 .debug_aranges
                0x0000000000000170       0x30 ./Core/Src/tim.o
 .debug_aranges
                0x00000000000001a0       0x30 ./Core/Src/usart.o
 .debug_aranges
                0x00000000000001d0       0x28 ./Core/Startup/startup_stm32h723zgtx.o
 .debug_aranges
                0x00000000000001f8      0x1c8 ./Drivers/STM32H7xx_HAL_Driver/Src/stm32h7xx_hal.o
 .debug_aranges
                0x00000000000003c0      0x120 ./Drivers/STM32H7xx_HAL_Driver/Src/stm32h7xx_hal_cortex.o
 .debug_aranges
                0x00000000000004e0       0x58 ./Drivers/STM32H7xx_HAL_Driver/Src/stm32h7xx_hal_gpio.o
 .debug_aranges
                0x0000000000000538      0x140 ./Drivers/STM32H7xx_HAL_Driver/Src/stm32h7xx_hal_pcd.o
 .debug_aranges
                0x0000000000000678       0x60 ./Drivers/STM32H7xx_HAL_Driver/Src/stm32h7xx_hal_pcd_ex.o
 .debug_aranges
                0x00000000000006d8      0x148 ./Drivers/STM32H7xx_HAL_Driver/Src/stm32h7xx_hal_pwr_ex.o
 .debug_aranges
                0x0000000000000820       0x88 ./Drivers/STM32H7xx_HAL_Driver/Src/stm32h7xx_hal_rcc.o
 .debug_aranges
                0x00000000000008a8       0xf8 ./Drivers/STM32H7xx_HAL_Driver/Src/stm32h7xx_hal_rcc_ex.o
 .debug_aranges
                0x00000000000009a0      0x178 ./Drivers/STM32H7xx_HAL_Driver/Src/stm32h7xx_hal_sai.o
 .debug_aranges
                0x0000000000000b18      0x1a8 ./Drivers/STM32H7xx_HAL_Driver/Src/stm32h7xx_hal_spi.o
 .debug_aranges
                0x0000000000000cc0      0x3e0 ./Drivers/STM32H7xx_HAL_Driver/Src/stm32h7xx_hal_tim.o
 .debug_aranges
                0x00000000000010a0      0x198 ./Drivers/STM32H7xx_HAL_Driver/Src/stm32h7xx_hal_tim_ex.o
 .debug_aranges
                0x0000000000001238      0x1a0 ./Drivers/STM32H7xx_HAL_Driver/Src/stm32h7xx_hal_usart.o
 .debug_aranges
                0x00000000000013d8       0x68 ./Drivers/STM32H7xx_HAL_Driver/Src/stm32h7xx_hal_usart_ex.o
 .debug_aranges
                0x0000000000001440      0x1a0 ./Drivers/STM32H7xx_HAL_Driver/Src/stm32h7xx_ll_usb.o
 .debug_aranges
                0x00000000000015e0       0xa0 ./Middlewares/ST/STM32_USB_Device_Library/Class/AUDIO/Src/usbd_audio.o
 .debug_aranges
                0x0000000000001680       0xd8 ./Middlewares/ST/STM32_USB_Device_Library/Core/Src/usbd_core.o
 .debug_aranges
                0x0000000000001758       0x90 ./Middlewares/ST/STM32_USB_Device_Library/Core/Src/usbd_ctlreq.o
 .debug_aranges
                0x00000000000017e8       0x50 ./Middlewares/ST/STM32_USB_Device_Library/Core/Src/usbd_ioreq.o
 .debug_aranges
                0x0000000000001838       0x20 ./USB_DEVICE/App/usb_device.o
 .debug_aranges
                0x0000000000001858       0x60 ./USB_DEVICE/App/usbd_audio_if.o
 .debug_aranges
                0x00000000000018b8       0x68 ./USB_DEVICE/App/usbd_desc.o
 .debug_aranges
                0x0000000000001920      0x110 ./USB_DEVICE/Target/usbd_conf.o

.debug_rnglists
                0x0000000000000000     0x140d
 .debug_rnglists
                0x0000000000000000       0x14 ./Core/Src/gpio.o
 .debug_rnglists
                0x0000000000000014       0x26 ./Core/Src/main.o
 .debug_rnglists
                0x000000000000003a       0x22 ./Core/Src/sai.o
 .debug_rnglists
                0x000000000000005c       0x28 ./Core/Src/spi.o
 .debug_rnglists
                0x0000000000000084       0x13 ./Core/Src/stm32h7xx_hal_msp.o
 .debug_rnglists
                0x0000000000000097       0x49 ./Core/Src/stm32h7xx_it.o
 .debug_rnglists
                0x00000000000000e0       0x1b ./Core/Src/system_stm32h7xx.o
 .debug_rnglists
                0x00000000000000fb       0x20 ./Core/Src/tim.o
 .debug_rnglists
                0x000000000000011b       0x21 ./Core/Src/usart.o
 .debug_rnglists
                0x000000000000013c       0x19 ./Core/Startup/startup_stm32h723zgtx.o
 .debug_rnglists
                0x0000000000000155      0x155 ./Drivers/STM32H7xx_HAL_Driver/Src/stm32h7xx_hal.o
 .debug_rnglists
                0x00000000000002aa       0xd4 ./Drivers/STM32H7xx_HAL_Driver/Src/stm32h7xx_hal_cortex.o
 .debug_rnglists
                0x000000000000037e       0x3f ./Drivers/STM32H7xx_HAL_Driver/Src/stm32h7xx_hal_gpio.o
 .debug_rnglists
                0x00000000000003bd       0xf4 ./Drivers/STM32H7xx_HAL_Driver/Src/stm32h7xx_hal_pcd.o
 .debug_rnglists
                0x00000000000004b1       0x45 ./Drivers/STM32H7xx_HAL_Driver/Src/stm32h7xx_hal_pcd_ex.o
 .debug_rnglists
                0x00000000000004f6       0xf4 ./Drivers/STM32H7xx_HAL_Driver/Src/stm32h7xx_hal_pwr_ex.o
 .debug_rnglists
                0x00000000000005ea       0x68 ./Drivers/STM32H7xx_HAL_Driver/Src/stm32h7xx_hal_rcc.o
 .debug_rnglists
                0x0000000000000652       0xc0 ./Drivers/STM32H7xx_HAL_Driver/Src/stm32h7xx_hal_rcc_ex.o
 .debug_rnglists
                0x0000000000000712      0x136 ./Drivers/STM32H7xx_HAL_Driver/Src/stm32h7xx_hal_sai.o
 .debug_rnglists
                0x0000000000000848      0x148 ./Drivers/STM32H7xx_HAL_Driver/Src/stm32h7xx_hal_spi.o
 .debug_rnglists
                0x0000000000000990      0x328 ./Drivers/STM32H7xx_HAL_Driver/Src/stm32h7xx_hal_tim.o
 .debug_rnglists
                0x0000000000000cb8      0x14d ./Drivers/STM32H7xx_HAL_Driver/Src/stm32h7xx_hal_tim_ex.o
 .debug_rnglists
                0x0000000000000e05      0x14e ./Drivers/STM32H7xx_HAL_Driver/Src/stm32h7xx_hal_usart.o
 .debug_rnglists
                0x0000000000000f53       0x4b ./Drivers/STM32H7xx_HAL_Driver/Src/stm32h7xx_hal_usart_ex.o
 .debug_rnglists
                0x0000000000000f9e      0x147 ./Drivers/STM32H7xx_HAL_Driver/Src/stm32h7xx_ll_usb.o
 .debug_rnglists
                0x00000000000010e5       0x7a ./Middlewares/ST/STM32_USB_Device_Library/Class/AUDIO/Src/usbd_audio.o
 .debug_rnglists
                0x000000000000115f       0xa1 ./Middlewares/ST/STM32_USB_Device_Library/Core/Src/usbd_core.o
 .debug_rnglists
                0x0000000000001200       0x6e ./Middlewares/ST/STM32_USB_Device_Library/Core/Src/usbd_ctlreq.o
 .debug_rnglists
                0x000000000000126e       0x37 ./Middlewares/ST/STM32_USB_Device_Library/Core/Src/usbd_ioreq.o
 .debug_rnglists
                0x00000000000012a5       0x13 ./USB_DEVICE/App/usb_device.o
 .debug_rnglists
                0x00000000000012b8       0x43 ./USB_DEVICE/App/usbd_audio_if.o
 .debug_rnglists
                0x00000000000012fb       0x49 ./USB_DEVICE/App/usbd_desc.o
 .debug_rnglists
                0x0000000000001344       0xc9 ./USB_DEVICE/Target/usbd_conf.o

.debug_macro    0x0000000000000000    0x37c3d
 .debug_macro   0x0000000000000000      0x313 ./Core/Src/gpio.o
 .debug_macro   0x0000000000000313      0xac0 ./Core/Src/gpio.o
 .debug_macro   0x0000000000000dd3      0x24a ./Core/Src/gpio.o
 .debug_macro   0x000000000000101d       0x2e ./Core/Src/gpio.o
 .debug_macro   0x000000000000104b       0x3b ./Core/Src/gpio.o
 .debug_macro   0x0000000000001086       0x22 ./Core/Src/gpio.o
 .debug_macro   0x00000000000010a8       0x8e ./Core/Src/gpio.o
 .debug_macro   0x0000000000001136       0x51 ./Core/Src/gpio.o
 .debug_macro   0x0000000000001187      0x103 ./Core/Src/gpio.o
 .debug_macro   0x000000000000128a       0x6a ./Core/Src/gpio.o
 .debug_macro   0x00000000000012f4      0x1df ./Core/Src/gpio.o
 .debug_macro   0x00000000000014d3       0x1c ./Core/Src/gpio.o
 .debug_macro   0x00000000000014ef       0x22 ./Core/Src/gpio.o
 .debug_macro   0x0000000000001511       0xfb ./Core/Src/gpio.o
 .debug_macro   0x000000000000160c     0x1305 ./Core/Src/gpio.o
 .debug_macro   0x0000000000002911      0x11f ./Core/Src/gpio.o
 .debug_macro   0x0000000000002a30       0x27 ./Core/Src/gpio.o
 .debug_macro   0x0000000000002a57    0x211d1 ./Core/Src/gpio.o
 .debug_macro   0x0000000000023c28       0x6d ./Core/Src/gpio.o
 .debug_macro   0x0000000000023c95     0x3d48 ./Core/Src/gpio.o
 .debug_macro   0x00000000000279dd      0x174 ./Core/Src/gpio.o